Archive member included to satisfy reference by file (symbol)

../Core/Lib\libarm_cortexM4lf_math.a(arm_rfft_fast_init_f32.o)
                              ./Core/Src/freertos.o (arm_rfft_fast_init_f32)
../Core/Lib\libarm_cortexM4lf_math.a(arm_rfft_fast_f32.o)
                              ./Core/Src/freertos.o (arm_rfft_fast_f32)
../Core/Lib\libarm_cortexM4lf_math.a(arm_cfft_f32.o)
                              ../Core/Lib\libarm_cortexM4lf_math.a(arm_rfft_fast_f32.o) (arm_cfft_f32)
../Core/Lib\libarm_cortexM4lf_math.a(arm_common_tables.o)
                              ../Core/Lib\libarm_cortexM4lf_math.a(arm_rfft_fast_init_f32.o) (twiddleCoef_rfft_4096)
../Core/Lib\libarm_cortexM4lf_math.a(arm_bitreversal2.o)
                              ../Core/Lib\libarm_cortexM4lf_math.a(arm_cfft_f32.o) (arm_bitreversal_32)
../Core/Lib\libarm_cortexM4lf_math.a(arm_cfft_radix8_f32.o)
                              ../Core/Lib\libarm_cortexM4lf_math.a(arm_cfft_f32.o) (arm_radix8_butterfly_f32)
C:/ST/STM32CubeIDE_1.16.1/STM32CubeIDE/plugins/com.st.stm32cube.ide.mcu.externaltools.gnu-tools-for-stm32.12.3.rel1.win32_1.1.0.202410251130/tools/bin/../lib/gcc/arm-none-eabi/12.3.1/../../../../arm-none-eabi/lib/thumb/v7e-m+fp/hard\libc_nano.a(libc_a-exit.o)
                              C:/ST/STM32CubeIDE_1.16.1/STM32CubeIDE/plugins/com.st.stm32cube.ide.mcu.externaltools.gnu-tools-for-stm32.12.3.rel1.win32_1.1.0.202410251130/tools/bin/../lib/gcc/arm-none-eabi/12.3.1/../../../../arm-none-eabi/lib/thumb/v7e-m+fp/hard/crt0.o (exit)
C:/ST/STM32CubeIDE_1.16.1/STM32CubeIDE/plugins/com.st.stm32cube.ide.mcu.externaltools.gnu-tools-for-stm32.12.3.rel1.win32_1.1.0.202410251130/tools/bin/../lib/gcc/arm-none-eabi/12.3.1/../../../../arm-none-eabi/lib/thumb/v7e-m+fp/hard\libc_nano.a(libc_a-nano-vfprintf_float.o)
                              (_printf_float)
C:/ST/STM32CubeIDE_1.16.1/STM32CubeIDE/plugins/com.st.stm32cube.ide.mcu.externaltools.gnu-tools-for-stm32.12.3.rel1.win32_1.1.0.202410251130/tools/bin/../lib/gcc/arm-none-eabi/12.3.1/../../../../arm-none-eabi/lib/thumb/v7e-m+fp/hard\libc_nano.a(libc_a-nano-vfprintf_i.o)
                              C:/ST/STM32CubeIDE_1.16.1/STM32CubeIDE/plugins/com.st.stm32cube.ide.mcu.externaltools.gnu-tools-for-stm32.12.3.rel1.win32_1.1.0.202410251130/tools/bin/../lib/gcc/arm-none-eabi/12.3.1/../../../../arm-none-eabi/lib/thumb/v7e-m+fp/hard\libc_nano.a(libc_a-nano-vfprintf_float.o) (_printf_common)
C:/ST/STM32CubeIDE_1.16.1/STM32CubeIDE/plugins/com.st.stm32cube.ide.mcu.externaltools.gnu-tools-for-stm32.12.3.rel1.win32_1.1.0.202410251130/tools/bin/../lib/gcc/arm-none-eabi/12.3.1/../../../../arm-none-eabi/lib/thumb/v7e-m+fp/hard\libc_nano.a(libc_a-nano-vfscanf_float.o)
                              (_scanf_float)
C:/ST/STM32CubeIDE_1.16.1/STM32CubeIDE/plugins/com.st.stm32cube.ide.mcu.externaltools.gnu-tools-for-stm32.12.3.rel1.win32_1.1.0.202410251130/tools/bin/../lib/gcc/arm-none-eabi/12.3.1/../../../../arm-none-eabi/lib/thumb/v7e-m+fp/hard\libc_nano.a(libc_a-findfp.o)
                              ./Middlewares/Third_Party/FreeRTOS/Source/tasks.o (__sf)
C:/ST/STM32CubeIDE_1.16.1/STM32CubeIDE/plugins/com.st.stm32cube.ide.mcu.externaltools.gnu-tools-for-stm32.12.3.rel1.win32_1.1.0.202410251130/tools/bin/../lib/gcc/arm-none-eabi/12.3.1/../../../../arm-none-eabi/lib/thumb/v7e-m+fp/hard\libc_nano.a(libc_a-fwalk.o)
                              C:/ST/STM32CubeIDE_1.16.1/STM32CubeIDE/plugins/com.st.stm32cube.ide.mcu.externaltools.gnu-tools-for-stm32.12.3.rel1.win32_1.1.0.202410251130/tools/bin/../lib/gcc/arm-none-eabi/12.3.1/../../../../arm-none-eabi/lib/thumb/v7e-m+fp/hard\libc_nano.a(libc_a-findfp.o) (_fwalk_sglue)
C:/ST/STM32CubeIDE_1.16.1/STM32CubeIDE/plugins/com.st.stm32cube.ide.mcu.externaltools.gnu-tools-for-stm32.12.3.rel1.win32_1.1.0.202410251130/tools/bin/../lib/gcc/arm-none-eabi/12.3.1/../../../../arm-none-eabi/lib/thumb/v7e-m+fp/hard\libc_nano.a(libc_a-sprintf.o)
                              C:/ST/STM32CubeIDE_1.16.1/STM32CubeIDE/plugins/com.st.stm32cube.ide.mcu.externaltools.gnu-tools-for-stm32.12.3.rel1.win32_1.1.0.202410251130/tools/bin/../lib/gcc/arm-none-eabi/12.3.1/../../../../arm-none-eabi/lib/thumb/v7e-m+fp/hard\libc_nano.a(libc_a-nano-vfscanf_float.o) (sprintf)
C:/ST/STM32CubeIDE_1.16.1/STM32CubeIDE/plugins/com.st.stm32cube.ide.mcu.externaltools.gnu-tools-for-stm32.12.3.rel1.win32_1.1.0.202410251130/tools/bin/../lib/gcc/arm-none-eabi/12.3.1/../../../../arm-none-eabi/lib/thumb/v7e-m+fp/hard\libc_nano.a(libc_a-stdio.o)
                              C:/ST/STM32CubeIDE_1.16.1/STM32CubeIDE/plugins/com.st.stm32cube.ide.mcu.externaltools.gnu-tools-for-stm32.12.3.rel1.win32_1.1.0.202410251130/tools/bin/../lib/gcc/arm-none-eabi/12.3.1/../../../../arm-none-eabi/lib/thumb/v7e-m+fp/hard\libc_nano.a(libc_a-findfp.o) (__sread)
[...]
Memory Configuration

Name             Origin             Length             Attributes
RAM              0x20000000         0x00020000         xrw
FLASH            0x08000000         0x00080000         xr
*default*        0x00000000         0xffffffff

Linker script and memory map

LOAD C:/ST/STM32CubeIDE_1.16.1/STM32CubeIDE/plugins/com.st.stm32cube.ide.mcu.externaltools.gnu-tools-for-stm32.12.3.rel1.win32_1.1.0.202410251130/tools/bin/../lib/gcc/arm-none-eabi/12.3.1/thumb/v7e-m+fp/hard/crti.o
LOAD C:/ST/STM32CubeIDE_1.16.1/STM32CubeIDE/plugins/com.st.stm32cube.ide.mcu.externaltools.gnu-tools-for-stm32.12.3.rel1.win32_1.1.0.202410251130/tools/bin/../lib/gcc/arm-none-eabi/12.3.1/thumb/v7e-m+fp/hard/crtbegin.o
LOAD C:/ST/STM32CubeIDE_1.16.1/STM32CubeIDE/plugins/com.st.stm32cube.ide.mcu.externaltools.gnu-tools-for-stm32.12.3.rel1.win32_1.1.0.202410251130/tools/bin/../lib/gcc/arm-none-eabi/12.3.1/../../../../arm-none-eabi/lib/thumb/v7e-m+fp/hard/crt0.o
LOAD ./Core/Src/GFX_BW.o
LOAD ./Core/Src/SSD1306_OLED.o
LOAD ./Core/Src/adc.o
LOAD ./Core/Src/bmp280.o
LOAD ./Core/Src/dma.o
LOAD ./Core/Src/freertos.o
LOAD ./Core/Src/gpio.o
LOAD ./Core/Src/i2c.o
LOAD ./Core/Src/main.o
LOAD ./Core/Src/printf.o
LOAD ./Core/Src/stm32f4xx_hal_msp.o
LOAD ./Core/Src/stm32f4xx_hal_timebase_tim.o
LOAD ./Core/Src/stm32f4xx_it.o
LOAD ./Core/Src/syscalls.o
LOAD ./Core/Src/sysmem.o
LOAD ./Core/Src/system_stm32f4xx.o
LOAD ./Core/Src/tim.o
LOAD ./Core/Src/usart.o
LOAD ./Core/Startup/startup_stm32f411retx.o
LOAD ./Drivers/STM32F4xx_HAL_Driver/Src/stm32f4xx_hal.o
LOAD ./Drivers/STM32F4xx_HAL_Driver/Src/stm32f4xx_hal_adc.o
LOAD ./Drivers/STM32F4xx_HAL_Driver/Src/stm32f4xx_hal_adc_ex.o
LOAD ./Drivers/STM32F4xx_HAL_Driver/Src/stm32f4xx_hal_cortex.o
LOAD ./Drivers/STM32F4xx_HAL_Driver/Src/stm32f4xx_hal_dma.o
LOAD ./Drivers/STM32F4xx_HAL_Driver/Src/stm32f4xx_hal_dma_ex.o
LOAD ./Drivers/STM32F4xx_HAL_Driver/Src/stm32f4xx_hal_exti.o
LOAD ./Drivers/STM32F4xx_HAL_Driver/Src/stm32f4xx_hal_flash.o
LOAD ./Drivers/STM32F4xx_HAL_Driver/Src/stm32f4xx_hal_flash_ex.o
LOAD ./Drivers/STM32F4xx_HAL_Driver/Src/stm32f4xx_hal_flash_ramfunc.o
LOAD ./Drivers/STM32F4xx_HAL_Driver/Src/stm32f4xx_hal_gpio.o
LOAD ./Drivers/STM32F4xx_HAL_Driver/Src/stm32f4xx_hal_i2c.o
LOAD ./Drivers/STM32F4xx_HAL_Driver/Src/stm32f4xx_hal_i2c_ex.o
LOAD ./Drivers/STM32F4xx_HAL_Driver/Src/stm32f4xx_hal_pwr.o
LOAD ./Drivers/STM32F4xx_HAL_Driver/Src/stm32f4xx_hal_pwr_ex.o
LOAD ./Drivers/STM32F4xx_HAL_Driver/Src/stm32f4xx_hal_rcc.o
LOAD ./Drivers/STM32F4xx_HAL_Driver/Src/stm32f4xx_hal_rcc_ex.o
LOAD ./Drivers/STM32F4xx_HAL_Driver/Src/stm32f4xx_hal_tim.o
LOAD ./Drivers/STM32F4xx_HAL_Driver/Src/stm32f4xx_hal_tim_ex.o
LOAD ./Drivers/STM32F4xx_HAL_Driver/Src/stm32f4xx_hal_uart.o
LOAD ./Drivers/STM32F4xx_HAL_Driver/Src/stm32f4xx_ll_adc.o
LOAD ./Middlewares/Third_Party/FreeRTOS/Source/CMSIS_RTOS_V2/cmsis_os2.o
LOAD ./Middlewares/Third_Party/FreeRTOS/Source/croutine.o
LOAD ./Middlewares/Third_Party/FreeRTOS/Source/event_groups.o
LOAD ./Middlewares/Third_Party/FreeRTOS/Source/list.o
LOAD ./Middlewares/Third_Party/FreeRTOS/Source/queue.o
LOAD ./Middlewares/Third_Party/FreeRTOS/Source/stream_buffer.o
LOAD ./Middlewares/Third_Party/FreeRTOS/Source/tasks.o
LOAD ./Middlewares/Third_Party/FreeRTOS/Source/timers.o
LOAD ./Middlewares/Third_Party/FreeRTOS/Source/portable/GCC/ARM_CM4F/port.o
LOAD ./Middlewares/Third_Party/FreeRTOS/Source/portable/MemMang/heap_4.o
LOAD ../Core/Lib\libarm_cortexM4lf_math.a
START GROUP
LOAD C:/ST/STM32CubeIDE_1.16.1/STM32CubeIDE/plugins/com.st.stm32cube.ide.mcu.externaltools.gnu-tools-for-stm32.12.3.rel1.win32_1.1.0.202410251130/tools/bin/../lib/gcc/arm-none-eabi/12.3.1/../../../../arm-none-eabi/lib/thumb/v7e-m+fp/hard\libc_nano.a
LOAD C:/ST/STM32CubeIDE_1.16.1/STM32CubeIDE/plugins/com.st.stm32cube.ide.mcu.externaltools.gnu-tools-for-stm32.12.3.rel1.win32_1.1.0.202410251130/tools/bin/../lib/gcc/arm-none-eabi/12.3.1/../../../../arm-none-eabi/lib/thumb/v7e-m+fp/hard\libm.a
END GROUP
START GROUP
LOAD C:/ST/STM32CubeIDE_1.16.1/STM32CubeIDE/plugins/com.st.stm32cube.ide.mcu.externaltools.gnu-tools-for-stm32.12.3.rel1.win32_1.1.0.202410251130/tools/bin/../lib/gcc/arm-none-eabi/12.3.1/thumb/v7e-m+fp/hard\libgcc.a
LOAD C:/ST/STM32CubeIDE_1.16.1/STM32CubeIDE/plugins/com.st.stm32cube.ide.mcu.externaltools.gnu-tools-for-stm32.12.3.rel1.win32_1.1.0.202410251130/tools/bin/../lib/gcc/arm-none-eabi/12.3.1/../../../../arm-none-eabi/lib/thumb/v7e-m+fp/hard\libc_nano.a
END GROUP
START GROUP
LOAD C:/ST/STM32CubeIDE_1.16.1/STM32CubeIDE/plugins/com.st.stm32cube.ide.mcu.externaltools.gnu-tools-for-stm32.12.3.rel1.win32_1.1.0.202410251130/tools/bin/../lib/gcc/arm-none-eabi/12.3.1/thumb/v7e-m+fp/hard\libgcc.a
LOAD C:/ST/STM32CubeIDE_1.16.1/STM32CubeIDE/plugins/com.st.stm32cube.ide.mcu.externaltools.gnu-tools-for-stm32.12.3.rel1.win32_1.1.0.202410251130/tools/bin/../lib/gcc/arm-none-eabi/12.3.1/../../../../arm-none-eabi/lib/thumb/v7e-m+fp/hard\libc_nano.a
LOAD C:/ST/STM32CubeIDE_1.16.1/STM32CubeIDE/plugins/com.st.stm32cube.ide.mcu.externaltools.gnu-tools-for-stm32.12.3.rel1.win32_1.1.0.202410251130/tools/bin/../lib/gcc/arm-none-eabi/12.3.1/../../../../arm-none-eabi/lib/thumb/v7e-m+fp/hard\libnosys.a
END GROUP
START GROUP
LOAD C:/ST/STM32CubeIDE_1.16.1/STM32CubeIDE/plugins/com.st.stm32cube.ide.mcu.externaltools.gnu-tools-for-stm32.12.3.rel1.win32_1.1.0.202410251130/tools/bin/../lib/gcc/arm-none-eabi/12.3.1/thumb/v7e-m+fp/hard\libgcc.a
LOAD C:/ST/STM32CubeIDE_1.16.1/STM32CubeIDE/plugins/com.st.stm32cube.ide.mcu.externaltools.gnu-tools-for-stm32.12.3.rel1.win32_1.1.0.202410251130/tools/bin/../lib/gcc/arm-none-eabi/12.3.1/../../../../arm-none-eabi/lib/thumb/v7e-m+fp/hard\libc_nano.a
LOAD C:/ST/STM32CubeIDE_1.16.1/STM32CubeIDE/plugins/com.st.stm32cube.ide.mcu.externaltools.gnu-tools-for-stm32.12.3.rel1.win32_1.1.0.202410251130/tools/bin/../lib/gcc/arm-none-eabi/12.3.1/../../../../arm-none-eabi/lib/thumb/v7e-m+fp/hard\libnosys.a
END GROUP
LOAD C:/ST/STM32CubeIDE_1.16.1/STM32CubeIDE/plugins/com.st.stm32cube.ide.mcu.externaltools.gnu-tools-for-stm32.12.3.rel1.win32_1.1.0.202410251130/tools/bin/../lib/gcc/arm-none-eabi/12.3.1/thumb/v7e-m+fp/hard/crtend.o
LOAD C:/ST/STM32CubeIDE_1.16.1/STM32CubeIDE/plugins/com.st.stm32cube.ide.mcu.externaltools.gnu-tools-for-stm32.12.3.rel1.win32_1.1.0.202410251130/tools/bin/../lib/gcc/arm-none-eabi/12.3.1/thumb/v7e-m+fp/hard/crtn.o
                0x20020000                        _estack = (ORIGIN (RAM) + LENGTH (RAM))
                0x00000200                        _Min_Heap_Size = 0x200
                0x00000400                        _Min_Stack_Size = 0x400

.isr_vector     0x08000000      0x198
                0x08000000                        . = ALIGN (0x4)
 *(.isr_vector)
 .isr_vector    0x08000000      0x198 ./Core/Startup/startup_stm32f411retx.o
                0x08000000                g_pfnVectors
                0x08000198                        . = ALIGN (0x4)

.text           0x080001a0    0x128e8
                0x080001a0                        . = ALIGN (0x4)
 *(.text)
 .text          0x080001a0       0x40 C:/ST/STM32CubeIDE_1.16.1/STM32CubeIDE/plugins/com.st.stm32cube.ide.mcu.externaltools.gnu-tools-for-stm32.12.3.rel1.win32_1.1.0.202410251130/tools/bin/../lib/gcc/arm-none-eabi/12.3.1/thumb/v7e-m+fp/hard/crtbegin.o
 .text          0x080001e0       0xc0 ../Core/Lib\libarm_cortexM4lf_math.a(arm_bitreversal2.o)
                0x080001e0                arm_bitreversal_32
                0x0800024a                arm_bitreversal_16
 .text          0x080002a0       0xa0 C:/ST/STM32CubeIDE_1.16.1/STM32CubeIDE/plugins/com.st.stm32cube.ide.mcu.externaltools.gnu-tools-for-stm32.12.3.rel1.win32_1.1.0.202410251130/tools/bin/../lib/gcc/arm-none-eabi/12.3.1/../../../../arm-none-eabi/lib/thumb/v7e-m+fp/hard\libc_nano.a(libc_a-memchr.o)
                0x080002a0                memchr
 .text          0x08000340       0x10 C:/ST/STM32CubeIDE_1.16.1/STM32CubeIDE/plugins/com.st.stm32cube.ide.mcu.externaltools.gnu-tools-for-stm32.12.3.rel1.win32_1.1.0.202410251130/tools/bin/../lib/gcc/arm-none-eabi/12.3.1/../../../../arm-none-eabi/lib/thumb/v7e-m+fp/hard\libc_nano.a(libc_a-strlen.o)
                0x08000340                strlen
 .text          0x08000350      0x378 C:/ST/STM32CubeIDE_1.16.1/STM32CubeIDE/plugins/com.st.stm32cube.ide.mcu.externaltools.gnu-tools-for-stm32.12.3.rel1.win32_1.1.0.202410251130/tools/bin/../lib/gcc/arm-none-eabi/12.3.1/thumb/v7e-m+fp/hard\libgcc.a(_arm_addsubdf3.o)
                0x08000350                __aeabi_drsub
                0x08000358                __aeabi_dsub
                0x08000358                __subdf3
                0x0800035c                __aeabi_dadd
                0x0800035c                __adddf3
                0x080005d4                __floatunsidf
                0x080005d4                __aeabi_ui2d
                0x080005f4                __floatsidf
                0x080005f4                __aeabi_i2d
                0x08000618                __aeabi_f2d
                0x08000618                __extendsfdf2
                0x0800065c                __floatundidf
                0x0800065c                __aeabi_ul2d
                0x0800066c                __floatdidf
                0x0800066c                __aeabi_l2d
 .text          0x080006c8      0x424 C:/ST/STM32CubeIDE_1.16.1/STM32CubeIDE/plugins/com.st.stm32cube.ide.mcu.externaltools.gnu-tools-for-stm32.12.3.rel1.win32_1.1.0.202410251130/tools/bin/../lib/gcc/arm-none-eabi/12.3.1/thumb/v7e-m+fp/hard\libgcc.a(_arm_muldivdf3.o)
                0x080006c8                __aeabi_dmul
                0x080006c8                __muldf3
                0x0800091c                __divdf3
                0x0800091c                __aeabi_ddiv
 .text          0x08000aec      0x110 C:/ST/STM32CubeIDE_1.16.1/STM32CubeIDE/plugins/com.st.stm32cube.ide.mcu.externaltools.gnu-tools-for-stm32.12.3.rel1.win32_1.1.0.202410251130/tools/bin/../lib/gcc/arm-none-eabi/12.3.1/thumb/v7e-m+fp/hard\libgcc.a(_arm_cmpdf2.o)
                0x08000aec                __gtdf2
                0x08000aec                __gedf2
                0x08000af4                __ltdf2
                0x08000af4                __ledf2
                0x08000afc                __nedf2
                0x08000afc                __eqdf2
                0x08000afc                __cmpdf2
                0x08000b78                __aeabi_cdrcmple
                0x08000b88                __aeabi_cdcmpeq
                0x08000b88                __aeabi_cdcmple
                0x08000b98                __aeabi_dcmpeq
                0x08000bac                __aeabi_dcmplt
                0x08000bc0                __aeabi_dcmple
                0x08000bd4                __aeabi_dcmpge
                0x08000be8                __aeabi_dcmpgt
 .text          0x08000bfc       0x2c C:/ST/STM32CubeIDE_1.16.1/STM32CubeIDE/plugins/com.st.stm32cube.ide.mcu.externaltools.gnu-tools-for-stm32.12.3.rel1.win32_1.1.0.202410251130/tools/bin/../lib/gcc/arm-none-eabi/12.3.1/thumb/v7e-m+fp/hard\libgcc.a(_arm_unorddf2.o)
                0x08000bfc                __unorddf2
                0x08000bfc                __aeabi_dcmpun
 .text          0x08000c28       0x50 C:/ST/STM32CubeIDE_1.16.1/STM32CubeIDE/plugins/com.st.stm32cube.ide.mcu.externaltools.gnu-tools-for-stm32.12.3.rel1.win32_1.1.0.202410251130/tools/bin/../lib/gcc/arm-none-eabi/12.3.1/thumb/v7e-m+fp/hard\libgcc.a(_arm_fixdfsi.o)
                0x08000c28                __aeabi_d2iz
                0x08000c28                __fixdfsi
 .text          0x08000c78       0x40 C:/ST/STM32CubeIDE_1.16.1/STM32CubeIDE/plugins/com.st.stm32cube.ide.mcu.externaltools.gnu-tools-for-stm32.12.3.rel1.win32_1.1.0.202410251130/tools/bin/../lib/gcc/arm-none-eabi/12.3.1/thumb/v7e-m+fp/hard\libgcc.a(_arm_fixunsdfsi.o)
                0x08000c78                __aeabi_d2uiz
                0x08000c78                __fixunsdfsi
 .text          0x08000cb8       0xa0 C:/ST/STM32CubeIDE_1.16.1/STM32CubeIDE/plugins/com.st.stm32cube.ide.mcu.externaltools.gnu-tools-for-stm32.12.3.rel1.win32_1.1.0.202410251130/tools/bin/../lib/gcc/arm-none-eabi/12.3.1/thumb/v7e-m+fp/hard\libgcc.a(_arm_truncdfsf2.o)
                0x08000cb8                __truncdfsf2
                0x08000cb8                __aeabi_d2f
 .text          0x08000d58       0x30 C:/ST/STM32CubeIDE_1.16.1/STM32CubeIDE/plugins/com.st.stm32cube.ide.mcu.externaltools.gnu-tools-for-stm32.12.3.rel1.win32_1.1.0.202410251130/tools/bin/../lib/gcc/arm-none-eabi/12.3.1/thumb/v7e-m+fp/hard\libgcc.a(_aeabi_uldivmod.o)
                0x08000d58                __aeabi_uldivmod
 .text          0x08000d88       0x30 C:/ST/STM32CubeIDE_1.16.1/STM32CubeIDE/plugins/com.st.stm32cube.ide.mcu.externaltools.gnu-tools-for-stm32.12.3.rel1.win32_1.1.0.202410251130/tools/bin/../lib/gcc/arm-none-eabi/12.3.1/thumb/v7e-m+fp/hard\libgcc.a(_fixdfdi.o)
                0x08000d88                __fixdfdi
                0x08000d88                __aeabi_d2lz
 .text          0x08000db8       0x3c C:/ST/STM32CubeIDE_1.16.1/STM32CubeIDE/plugins/com.st.stm32cube.ide.mcu.externaltools.gnu-tools-for-stm32.12.3.rel1.win32_1.1.0.202410251130/tools/bin/../lib/gcc/arm-none-eabi/12.3.1/thumb/v7e-m+fp/hard\libgcc.a(_fixunsdfdi.o)
                0x08000db8                __fixunsdfdi
                0x08000db8                __aeabi_d2ulz
 .text          0x08000df4      0x2bc C:/ST/STM32CubeIDE_1.16.1/STM32CubeIDE/plugins/com.st.stm32cube.ide.mcu.externaltools.gnu-tools-for-stm32.12.3.rel1.win32_1.1.0.202410251130/tools/bin/../lib/gcc/arm-none-eabi/12.3.1/thumb/v7e-m+fp/hard\libgcc.a(_udivmoddi4.o)
                0x08000df4                __udivmoddi4
 .text          0x080010b0        0x4 C:/ST/STM32CubeIDE_1.16.1/STM32CubeIDE/plugins/com.st.stm32cube.ide.mcu.externaltools.gnu-tools-for-stm32.12.3.rel1.win32_1.1.0.202410251130/tools/bin/../lib/gcc/arm-none-eabi/12.3.1/thumb/v7e-m+fp/hard\libgcc.a(_dvmd_tls.o)
                0x080010b0                __aeabi_idiv0
                0x080010b0                __aeabi_ldiv0
 *(.text*)
 .text.GFX_SetFont
                0x080010b4       0x20 ./Core/Src/GFX_BW.o
                0x080010b4                GFX_SetFont
 .text.GFX_DrawChar
                0x080010d4      0x174 ./Core/Src/GFX_BW.o
                0x080010d4                GFX_DrawChar
 .text.GFX_DrawString
                0x08001248       0xb8 ./Core/Src/GFX_BW.o
                0x08001248                GFX_DrawString
 .text.GFX_WriteLine
                0x08001300      0x11e ./Core/Src/GFX_BW.o
                0x08001300                GFX_WriteLine
 .text.GFX_DrawFastVLine
                0x0800141e       0x2e ./Core/Src/GFX_BW.o
                0x0800141e                GFX_DrawFastVLine
 .text.GFX_DrawFillRectangle
                0x0800144c       0x46 ./Core/Src/GFX_BW.o
                0x0800144c                GFX_DrawFillRectangle
 *fill*         0x08001492        0x2 
 .text.SSD1306_Command
                0x08001494       0x34 ./Core/Src/SSD1306_OLED.o
                0x08001494                SSD1306_Command
 .text.SSD1306_Data
                0x080014c8       0x34 ./Core/Src/SSD1306_OLED.o
                0x080014c8                SSD1306_Data
 .text.SSD1306_DrawPixel
                0x080014fc      0x120 ./Core/Src/SSD1306_OLED.o
                0x080014fc                SSD1306_DrawPixel
 .text.SSD1306_Clear
                0x0800161c       0x3c ./Core/Src/SSD1306_OLED.o
                0x0800161c                SSD1306_Clear
 .text.SSD1306_Display
                0x08001658       0x80 ./Core/Src/SSD1306_OLED.o
                0x08001658                SSD1306_Display
 .text.SSD1306_Init
                0x080016d8       0xb0 ./Core/Src/SSD1306_OLED.o
                0x080016d8                SSD1306_Init
 .text.MX_ADC1_Init
                0x08001788       0xa4 ./Core/Src/adc.o
                0x08001788                MX_ADC1_Init
 .text.HAL_ADC_MspInit
                0x0800182c      0x100 ./Core/Src/adc.o
                0x0800182c                HAL_ADC_MspInit
 .text.Read8    0x0800192c       0x3c ./Core/Src/bmp280.o
                0x0800192c                Read8
 .text.Write8   0x08001968       0x3c ./Core/Src/bmp280.o
                0x08001968                Write8
 .text.Read16   0x080019a4       0x4a ./Core/Src/bmp280.o
                0x080019a4                Read16
 .text.Read24   0x080019ee       0x48 ./Core/Src/bmp280.o
                0x080019ee                Read24
 .text.BMP280_SetMode
                0x08001a36       0x52 ./Core/Src/bmp280.o
                0x08001a36                BMP280_SetMode
 .text.BMP280_SetPressureOversampling
                0x08001a88       0x54 ./Core/Src/bmp280.o
                0x08001a88                BMP280_SetPressureOversampling
 .text.BMP280_SetTemperatureOversampling
                0x08001adc       0x4e ./Core/Src/bmp280.o
                0x08001adc                BMP280_SetTemperatureOversampling
 .text.BMP280_ReadTemperatureRaw
                0x08001b2a       0x24 ./Core/Src/bmp280.o
                0x08001b2a                BMP280_ReadTemperatureRaw
 .text.BMP280_ReadPressureRaw
                0x08001b4e       0x24 ./Core/Src/bmp280.o
                0x08001b4e                BMP280_ReadPressureRaw
 *fill*         0x08001b72        0x2 
 .text.BMP280_ReadTemperature
                0x08001b74       0x9c ./Core/Src/bmp280.o
                0x08001b74                BMP280_ReadTemperature
 .text.BMP280_ReadPressureAndTemperature
                0x08001c10      0x16c ./Core/Src/bmp280.o
                0x08001c10                BMP280_ReadPressureAndTemperature
 .text.BMP280_Init
                0x08001d7c      0x112 ./Core/Src/bmp280.o
                0x08001d7c                BMP280_Init
 *fill*         0x08001e8e        0x2 
 .text.MX_DMA_Init
                0x08001e90       0x40 ./Core/Src/dma.o
                0x08001e90                MX_DMA_Init
 .text._putchar
                0x08001ed0       0x40 ./Core/Src/freertos.o
                0x08001ed0                _putchar
 .text.complexABS
                0x08001f10       0x38 ./Core/Src/freertos.o
                0x08001f10                complexABS
 .text.vApplicationStackOverflowHook
                0x08001f48       0x16 ./Core/Src/freertos.o
                0x08001f48                vApplicationStackOverflowHook
 .text.vApplicationMallocFailedHook
                0x08001f5e        0xe ./Core/Src/freertos.o
                0x08001f5e                vApplicationMallocFailedHook
 .text.MX_FREERTOS_Init
                0x08001f6c      0x130 ./Core/Src/freertos.o
                0x08001f6c                MX_FREERTOS_Init
 .text.StartHeartBeatTask
                0x0800209c       0x20 ./Core/Src/freertos.o
                0x0800209c                StartHeartBeatTask
 .text.StartBmp_280Task
                0x080020bc       0xd8 ./Core/Src/freertos.o
                0x080020bc                StartBmp_280Task
 .text.StartOledTask
                0x08002194      0x158 ./Core/Src/freertos.o
                0x08002194                StartOledTask
 .text.StartFFTTask
                0x080022ec      0x1bc ./Core/Src/freertos.o
                0x080022ec                StartFFTTask
 .text.TimerBmpDataCallback
                0x080024a8       0x20 ./Core/Src/freertos.o
                0x080024a8                TimerBmpDataCallback
 .text.HAL_ADC_ConvCpltCallback
                0x080024c8       0x30 ./Core/Src/freertos.o
                0x080024c8                HAL_ADC_ConvCpltCallback
 .text.MX_GPIO_Init
                0x080024f8       0xdc ./Core/Src/gpio.o
                0x080024f8                MX_GPIO_Init
 .text.MX_I2C1_Init
                0x080025d4       0x5c ./Core/Src/i2c.o
                0x080025d4                MX_I2C1_Init
 .text.HAL_I2C_MspInit
                0x08002630       0x90 ./Core/Src/i2c.o
                0x08002630                HAL_I2C_MspInit
 .text.main     0x080026c0       0x34 ./Core/Src/main.o
                0x080026c0                main
 .text.SystemClock_Config
                0x080026f4       0xd0 ./Core/Src/main.o
                0x080026f4                SystemClock_Config
 .text.HAL_TIM_PeriodElapsedCallback
                0x080027c4       0x24 ./Core/Src/main.o
                0x080027c4                HAL_TIM_PeriodElapsedCallback
 .text.Error_Handler
                0x080027e8        0xc ./Core/Src/main.o
                0x080027e8                Error_Handler
 .text._out_buffer
                0x080027f4       0x2e ./Core/Src/printf.o
 .text._out_null
                0x08002822       0x1c ./Core/Src/printf.o
 .text._out_char
                0x0800283e       0x26 ./Core/Src/printf.o
 .text._strnlen_s
                0x08002864       0x3a ./Core/Src/printf.o
 .text._is_digit
                0x0800289e       0x2e ./Core/Src/printf.o
 .text._atoi    0x080028cc       0x48 ./Core/Src/printf.o
 .text._out_rev
                0x08002914       0xa0 ./Core/Src/printf.o
 .text._ntoa_format
                0x080029b4      0x1b8 ./Core/Src/printf.o
 .text._ntoa_long
                0x08002b6c       0xcc ./Core/Src/printf.o
 .text._ntoa_long_long
                0x08002c38       0xda ./Core/Src/printf.o
 *fill*         0x08002d12        0x6 
 .text._ftoa    0x08002d18      0x4ac ./Core/Src/printf.o
 *fill*         0x080031c4        0x4 
 .text._etoa    0x080031c8      0x510 ./Core/Src/printf.o
 .text._vsnprintf
                0x080036d8      0x9ec ./Core/Src/printf.o
 .text.printf_  0x080040c4       0x38 ./Core/Src/printf.o
                0x080040c4                printf_
 .text.sprintf_
                0x080040fc       0x38 ./Core/Src/printf.o
                0x080040fc                sprintf_
 .text.HAL_MspInit
                0x08004134       0x58 ./Core/Src/stm32f4xx_hal_msp.o
                0x08004134                HAL_MspInit
 .text.HAL_InitTick
                0x0800418c       0xe4 ./Core/Src/stm32f4xx_hal_timebase_tim.o
                0x0800418c                HAL_InitTick
 .text.NMI_Handler
                0x08004270        0x8 ./Core/Src/stm32f4xx_it.o
                0x08004270                NMI_Handler
 .text.HardFault_Handler
                0x08004278        0x8 ./Core/Src/stm32f4xx_it.o
                0x08004278                HardFault_Handler
 .text.MemManage_Handler
                0x08004280        0x8 ./Core/Src/stm32f4xx_it.o
                0x08004280                MemManage_Handler
 .text.BusFault_Handler
                0x08004288        0x8 ./Core/Src/stm32f4xx_it.o
                0x08004288                BusFault_Handler
 .text.UsageFault_Handler
                0x08004290        0x8 ./Core/Src/stm32f4xx_it.o
                0x08004290                UsageFault_Handler
 .text.DebugMon_Handler
                0x08004298        0xe ./Core/Src/stm32f4xx_it.o
                0x08004298                DebugMon_Handler
 *fill*         0x080042a6        0x2 
 .text.ADC_IRQHandler
                0x080042a8       0x14 ./Core/Src/stm32f4xx_it.o
                0x080042a8                ADC_IRQHandler
 .text.TIM1_UP_TIM10_IRQHandler
                0x080042bc       0x14 ./Core/Src/stm32f4xx_it.o
                0x080042bc                TIM1_UP_TIM10_IRQHandler
 .text.DMA2_Stream0_IRQHandler
                0x080042d0       0x14 ./Core/Src/stm32f4xx_it.o
                0x080042d0                DMA2_Stream0_IRQHandler
 .text._getpid  0x080042e4       0x10 ./Core/Src/syscalls.o
                0x080042e4                _getpid
 .text._kill    0x080042f4       0x20 ./Core/Src/syscalls.o
                0x080042f4                _kill
 .text._exit    0x08004314       0x16 ./Core/Src/syscalls.o
                0x08004314                _exit
 .text._read    0x0800432a       0x3a ./Core/Src/syscalls.o
                0x0800432a                _read
 .text._write   0x08004364       0x38 ./Core/Src/syscalls.o
                0x08004364                _write
 .text._close   0x0800439c       0x18 ./Core/Src/syscalls.o
                0x0800439c                _close
 .text._fstat   0x080043b4       0x20 ./Core/Src/syscalls.o
                0x080043b4                _fstat
 .text._isatty  0x080043d4       0x16 ./Core/Src/syscalls.o
                0x080043d4                _isatty
 .text._lseek   0x080043ea       0x1a ./Core/Src/syscalls.o
                0x080043ea                _lseek
 .text._sbrk    0x08004404       0x6c ./Core/Src/sysmem.o
                0x08004404                _sbrk
 .text.SystemInit
                0x08004470       0x24 ./Core/Src/system_stm32f4xx.o
                0x08004470                SystemInit
 .text.MX_TIM2_Init
                0x08004494       0x98 ./Core/Src/tim.o
                0x08004494                MX_TIM2_Init
 .text.HAL_TIM_Base_MspInit
                0x0800452c       0x40 ./Core/Src/tim.o
                0x0800452c                HAL_TIM_Base_MspInit
 .text.MX_USART2_UART_Init
                0x0800456c       0x54 ./Core/Src/usart.o
                0x0800456c                MX_USART2_UART_Init
 .text.HAL_UART_MspInit
                0x080045c0       0x90 ./Core/Src/usart.o
                0x080045c0                HAL_UART_MspInit
 .text.Reset_Handler
                0x08004650       0x50 ./Core/Startup/startup_stm32f411retx.o
                0x08004650                Reset_Handler
 .text.Default_Handler
                0x080046a0        0x2 ./Core/Startup/startup_stm32f411retx.o
                0x080046a0                RTC_Alarm_IRQHandler
                0x080046a0                EXTI2_IRQHandler
                0x080046a0                SPI4_IRQHandler
                0x080046a0                TIM1_CC_IRQHandler
                0x080046a0                DMA2_Stream5_IRQHandler
                0x080046a0                DMA1_Stream5_IRQHandler
                0x080046a0                PVD_IRQHandler
                0x080046a0                SDIO_IRQHandler
                0x080046a0                TAMP_STAMP_IRQHandler
                0x080046a0                EXTI3_IRQHandler
                0x080046a0                I2C3_ER_IRQHandler
                0x080046a0                EXTI0_IRQHandler
                0x080046a0                I2C2_EV_IRQHandler
                0x080046a0                DMA1_Stream2_IRQHandler
                0x080046a0                FPU_IRQHandler
                0x080046a0                DMA2_Stream2_IRQHandler
                0x080046a0                SPI1_IRQHandler
                0x080046a0                TIM1_BRK_TIM9_IRQHandler
                0x080046a0                DMA2_Stream3_IRQHandler
                0x080046a0                USART6_IRQHandler
                0x080046a0                TIM4_IRQHandler
                0x080046a0                I2C1_EV_IRQHandler
                0x080046a0                DMA1_Stream6_IRQHandler
                0x080046a0                DMA1_Stream1_IRQHandler
                0x080046a0                TIM3_IRQHandler
                0x080046a0                RCC_IRQHandler
                0x080046a0                Default_Handler
                0x080046a0                EXTI15_10_IRQHandler
                0x080046a0                DMA1_Stream7_IRQHandler
                0x080046a0                SPI5_IRQHandler
                0x080046a0                TIM5_IRQHandler
                0x080046a0                DMA2_Stream7_IRQHandler
                0x080046a0                I2C3_EV_IRQHandler
                0x080046a0                EXTI9_5_IRQHandler
                0x080046a0                RTC_WKUP_IRQHandler
                0x080046a0                SPI2_IRQHandler
                0x080046a0                DMA1_Stream0_IRQHandler
                0x080046a0                EXTI4_IRQHandler
                0x080046a0                WWDG_IRQHandler
                0x080046a0                TIM2_IRQHandler
                0x080046a0                OTG_FS_WKUP_IRQHandler
                0x080046a0                TIM1_TRG_COM_TIM11_IRQHandler
                0x080046a0                EXTI1_IRQHandler
                0x080046a0                USART2_IRQHandler
                0x080046a0                I2C2_ER_IRQHandler
                0x080046a0                DMA2_Stream1_IRQHandler
                0x080046a0                FLASH_IRQHandler
                0x080046a0                DMA2_Stream4_IRQHandler
                0x080046a0                USART1_IRQHandler
                0x080046a0                OTG_FS_IRQHandler
                0x080046a0                SPI3_IRQHandler
                0x080046a0                DMA1_Stream4_IRQHandler
                0x080046a0                I2C1_ER_IRQHandler
                0x080046a0                DMA2_Stream6_IRQHandler
                0x080046a0                DMA1_Stream3_IRQHandler
 *fill*         0x080046a2        0x2 
 .text.HAL_Init
                0x080046a4       0x44 ./Drivers/STM32F4xx_HAL_Driver/Src/stm32f4xx_hal.o
                0x080046a4                HAL_Init
 .text.HAL_IncTick
                0x080046e8       0x28 ./Drivers/STM32F4xx_HAL_Driver/Src/stm32f4xx_hal.o
                0x080046e8                HAL_IncTick
 .text.HAL_GetTick
                0x08004710       0x18 ./Drivers/STM32F4xx_HAL_Driver/Src/stm32f4xx_hal.o
                0x08004710                HAL_GetTick
 .text.HAL_ADC_Init
                0x08004728       0x86 ./Drivers/STM32F4xx_HAL_Driver/Src/stm32f4xx_hal_adc.o
                0x08004728                HAL_ADC_Init
 .text.HAL_ADC_IRQHandler
                0x080047ae      0x220 ./Drivers/STM32F4xx_HAL_Driver/Src/stm32f4xx_hal_adc.o
                0x080047ae                HAL_ADC_IRQHandler
 *fill*         0x080049ce        0x2 
 .text.HAL_ADC_Start_DMA
                0x080049d0      0x1e0 ./Drivers/STM32F4xx_HAL_Driver/Src/stm32f4xx_hal_adc.o
                0x080049d0                HAL_ADC_Start_DMA
 .text.HAL_ADC_ConvHalfCpltCallback
                0x08004bb0       0x14 ./Drivers/STM32F4xx_HAL_Driver/Src/stm32f4xx_hal_adc.o
                0x08004bb0                HAL_ADC_ConvHalfCpltCallback
 .text.HAL_ADC_LevelOutOfWindowCallback
                0x08004bc4       0x14 ./Drivers/STM32F4xx_HAL_Driver/Src/stm32f4xx_hal_adc.o
                0x08004bc4                HAL_ADC_LevelOutOfWindowCallback
 .text.HAL_ADC_ErrorCallback
                0x08004bd8       0x14 ./Drivers/STM32F4xx_HAL_Driver/Src/stm32f4xx_hal_adc.o
                0x08004bd8                HAL_ADC_ErrorCallback
 .text.HAL_ADC_ConfigChannel
                0x08004bec      0x264 ./Drivers/STM32F4xx_HAL_Driver/Src/stm32f4xx_hal_adc.o
                0x08004bec                HAL_ADC_ConfigChannel
 .text.ADC_Init
                0x08004e50      0x1f8 ./Drivers/STM32F4xx_HAL_Driver/Src/stm32f4xx_hal_adc.o
 .text.ADC_DMAConvCplt
                0x08005048       0xba ./Drivers/STM32F4xx_HAL_Driver/Src/stm32f4xx_hal_adc.o
 .text.ADC_DMAHalfConvCplt
                0x08005102       0x1c ./Drivers/STM32F4xx_HAL_Driver/Src/stm32f4xx_hal_adc.o
 .text.ADC_DMAError
                0x0800511e       0x2e ./Drivers/STM32F4xx_HAL_Driver/Src/stm32f4xx_hal_adc.o
 .text.HAL_ADCEx_InjectedConvCpltCallback
                0x0800514c       0x14 ./Drivers/STM32F4xx_HAL_Driver/Src/stm32f4xx_hal_adc_ex.o
                0x0800514c                HAL_ADCEx_InjectedConvCpltCallback
 .text.__NVIC_SetPriorityGrouping
                0x08005160       0x48 ./Drivers/STM32F4xx_HAL_Driver/Src/stm32f4xx_hal_cortex.o
 .text.__NVIC_GetPriorityGrouping
                0x080051a8       0x1c ./Drivers/STM32F4xx_HAL_Driver/Src/stm32f4xx_hal_cortex.o
 .text.__NVIC_EnableIRQ
                0x080051c4       0x3c ./Drivers/STM32F4xx_HAL_Driver/Src/stm32f4xx_hal_cortex.o
 .text.__NVIC_SetPriority
                0x08005200       0x54 ./Drivers/STM32F4xx_HAL_Driver/Src/stm32f4xx_hal_cortex.o
 .text.NVIC_EncodePriority
                0x08005254       0x66 ./Drivers/STM32F4xx_HAL_Driver/Src/stm32f4xx_hal_cortex.o
 .text.HAL_NVIC_SetPriorityGrouping
                0x080052ba       0x16 ./Drivers/STM32F4xx_HAL_Driver/Src/stm32f4xx_hal_cortex.o
                0x080052ba                HAL_NVIC_SetPriorityGrouping
 .text.HAL_NVIC_SetPriority
                0x080052d0       0x38 ./Drivers/STM32F4xx_HAL_Driver/Src/stm32f4xx_hal_cortex.o
                0x080052d0                HAL_NVIC_SetPriority
 .text.HAL_NVIC_EnableIRQ
                0x08005308       0x1c ./Drivers/STM32F4xx_HAL_Driver/Src/stm32f4xx_hal_cortex.o
                0x08005308                HAL_NVIC_EnableIRQ
 .text.HAL_DMA_Init
                0x08005324      0x15c ./Drivers/STM32F4xx_HAL_Driver/Src/stm32f4xx_hal_dma.o
                0x08005324                HAL_DMA_Init
 .text.HAL_DMA_Start_IT
                0x08005480       0xb0 ./Drivers/STM32F4xx_HAL_Driver/Src/stm32f4xx_hal_dma.o
                0x08005480                HAL_DMA_Start_IT
 .text.HAL_DMA_IRQHandler
                0x08005530      0x314 ./Drivers/STM32F4xx_HAL_Driver/Src/stm32f4xx_hal_dma.o
                0x08005530                HAL_DMA_IRQHandler
 .text.DMA_SetConfig
                0x08005844       0x5c ./Drivers/STM32F4xx_HAL_Driver/Src/stm32f4xx_hal_dma.o
 .text.DMA_CalcBaseAndBitshift
                0x080058a0       0x6c ./Drivers/STM32F4xx_HAL_Driver/Src/stm32f4xx_hal_dma.o
 .text.DMA_CheckFifoParam
                0x0800590c       0xf8 ./Drivers/STM32F4xx_HAL_Driver/Src/stm32f4xx_hal_dma.o
 .text.HAL_GPIO_Init
                0x08005a04      0x308 ./Drivers/STM32F4xx_HAL_Driver/Src/stm32f4xx_hal_gpio.o
                0x08005a04                HAL_GPIO_Init
 .text.HAL_GPIO_WritePin
                0x08005d0c       0x32 ./Drivers/STM32F4xx_HAL_Driver/Src/stm32f4xx_hal_gpio.o
                0x08005d0c                HAL_GPIO_WritePin
 .text.HAL_GPIO_TogglePin
                0x08005d3e       0x34 ./Drivers/STM32F4xx_HAL_Driver/Src/stm32f4xx_hal_gpio.o
                0x08005d3e                HAL_GPIO_TogglePin
 *fill*         0x08005d72        0x2 
 .text.HAL_I2C_Init
                0x08005d74      0x288 ./Drivers/STM32F4xx_HAL_Driver/Src/stm32f4xx_hal_i2c.o
                0x08005d74                HAL_I2C_Init
 .text.HAL_I2C_Mem_Write
                0x08005ffc      0x1f4 ./Drivers/STM32F4xx_HAL_Driver/Src/stm32f4xx_hal_i2c.o
                0x08005ffc                HAL_I2C_Mem_Write
 .text.HAL_I2C_Mem_Read
                0x080061f0      0x464 ./Drivers/STM32F4xx_HAL_Driver/Src/stm32f4xx_hal_i2c.o
                0x080061f0                HAL_I2C_Mem_Read
 .text.I2C_RequestMemoryWrite
                0x08006654      0x12c ./Drivers/STM32F4xx_HAL_Driver/Src/stm32f4xx_hal_i2c.o
 .text.I2C_RequestMemoryRead
                0x08006780      0x1d0 ./Drivers/STM32F4xx_HAL_Driver/Src/stm32f4xx_hal_i2c.o
 .text.I2C_WaitOnFlagUntilTimeout
                0x08006950       0xf4 ./Drivers/STM32F4xx_HAL_Driver/Src/stm32f4xx_hal_i2c.o
 .text.I2C_WaitOnMasterAddressFlagUntilTimeout
                0x08006a44      0x140 ./Drivers/STM32F4xx_HAL_Driver/Src/stm32f4xx_hal_i2c.o
 .text.I2C_WaitOnTXEFlagUntilTimeout
                0x08006b84       0x90 ./Drivers/STM32F4xx_HAL_Driver/Src/stm32f4xx_hal_i2c.o
 .text.I2C_WaitOnBTFFlagUntilTimeout
                0x08006c14       0x90 ./Drivers/STM32F4xx_HAL_Driver/Src/stm32f4xx_hal_i2c.o
 .text.I2C_WaitOnRXNEFlagUntilTimeout
                0x08006ca4       0xba ./Drivers/STM32F4xx_HAL_Driver/Src/stm32f4xx_hal_i2c.o
 .text.I2C_IsAcknowledgeFailed
                0x08006d5e       0x5e ./Drivers/STM32F4xx_HAL_Driver/Src/stm32f4xx_hal_i2c.o
 .text.HAL_RCC_OscConfig
                0x08006dbc      0x4f0 ./Drivers/STM32F4xx_HAL_Driver/Src/stm32f4xx_hal_rcc.o
                0x08006dbc                HAL_RCC_OscConfig
 .text.HAL_RCC_ClockConfig
                0x080072ac      0x1cc ./Drivers/STM32F4xx_HAL_Driver/Src/stm32f4xx_hal_rcc.o
                0x080072ac                HAL_RCC_ClockConfig
 .text.HAL_RCC_GetSysClockFreq
                0x08007478      0x20c ./Drivers/STM32F4xx_HAL_Driver/Src/stm32f4xx_hal_rcc.o
                0x08007478                HAL_RCC_GetSysClockFreq
 .text.HAL_RCC_GetHCLKFreq
                0x08007684       0x18 ./Drivers/STM32F4xx_HAL_Driver/Src/stm32f4xx_hal_rcc.o
                0x08007684                HAL_RCC_GetHCLKFreq
 .text.HAL_RCC_GetPCLK1Freq
                0x0800769c       0x28 ./Drivers/STM32F4xx_HAL_Driver/Src/stm32f4xx_hal_rcc.o
                0x0800769c                HAL_RCC_GetPCLK1Freq
 .text.HAL_RCC_GetPCLK2Freq
                0x080076c4       0x28 ./Drivers/STM32F4xx_HAL_Driver/Src/stm32f4xx_hal_rcc.o
                0x080076c4                HAL_RCC_GetPCLK2Freq
 .text.HAL_RCC_GetClockConfig
                0x080076ec       0x64 ./Drivers/STM32F4xx_HAL_Driver/Src/stm32f4xx_hal_rcc.o
                0x080076ec                HAL_RCC_GetClockConfig
 .text.HAL_TIM_Base_Init
                0x08007750       0x9e ./Drivers/STM32F4xx_HAL_Driver/Src/stm32f4xx_hal_tim.o
                0x08007750                HAL_TIM_Base_Init
 *fill*         0x080077ee        0x2 
 .text.HAL_TIM_Base_Start
                0x080077f0       0xb4 ./Drivers/STM32F4xx_HAL_Driver/Src/stm32f4xx_hal_tim.o
                0x080077f0                HAL_TIM_Base_Start
 .text.HAL_TIM_Base_Start_IT
                0x080078a4       0xc4 ./Drivers/STM32F4xx_HAL_Driver/Src/stm32f4xx_hal_tim.o
                0x080078a4                HAL_TIM_Base_Start_IT
 .text.HAL_TIM_IRQHandler
                0x08007968      0x1e0 ./Drivers/STM32F4xx_HAL_Driver/Src/stm32f4xx_hal_tim.o
                0x08007968                HAL_TIM_IRQHandler
 .text.HAL_TIM_ConfigClockSource
                0x08007b48      0x18e ./Drivers/STM32F4xx_HAL_Driver/Src/stm32f4xx_hal_tim.o
                0x08007b48                HAL_TIM_ConfigClockSource
 .text.HAL_TIM_OC_DelayElapsedCallback
                0x08007cd6       0x14 ./Drivers/STM32F4xx_HAL_Driver/Src/stm32f4xx_hal_tim.o
                0x08007cd6                HAL_TIM_OC_DelayElapsedCallback
 .text.HAL_TIM_IC_CaptureCallback
                0x08007cea       0x14 ./Drivers/STM32F4xx_HAL_Driver/Src/stm32f4xx_hal_tim.o
                0x08007cea                HAL_TIM_IC_CaptureCallback
 .text.HAL_TIM_PWM_PulseFinishedCallback
                0x08007cfe       0x14 ./Drivers/STM32F4xx_HAL_Driver/Src/stm32f4xx_hal_tim.o
                0x08007cfe                HAL_TIM_PWM_PulseFinishedCallback
 .text.HAL_TIM_TriggerCallback
                0x08007d12       0x14 ./Drivers/STM32F4xx_HAL_Driver/Src/stm32f4xx_hal_tim.o
                0x08007d12                HAL_TIM_TriggerCallback
 *fill*         0x08007d26        0x2 
 .text.TIM_Base_SetConfig
                0x08007d28      0x118 ./Drivers/STM32F4xx_HAL_Driver/Src/stm32f4xx_hal_tim.o
                0x08007d28                TIM_Base_SetConfig
 .text.TIM_TI1_ConfigInputStage
                0x08007e40       0x5e ./Drivers/STM32F4xx_HAL_Driver/Src/stm32f4xx_hal_tim.o
 .text.TIM_TI2_ConfigInputStage
                0x08007e9e       0x60 ./Drivers/STM32F4xx_HAL_Driver/Src/stm32f4xx_hal_tim.o
 .text.TIM_ITRx_SetConfig
                0x08007efe       0x36 ./Drivers/STM32F4xx_HAL_Driver/Src/stm32f4xx_hal_tim.o
 .text.TIM_ETR_SetConfig
                0x08007f34       0x40 ./Drivers/STM32F4xx_HAL_Driver/Src/stm32f4xx_hal_tim.o
                0x08007f34                TIM_ETR_SetConfig
 .text.HAL_TIMEx_MasterConfigSynchronization
                0x08007f74       0xdc ./Drivers/STM32F4xx_HAL_Driver/Src/stm32f4xx_hal_tim_ex.o
                0x08007f74                HAL_TIMEx_MasterConfigSynchronization
 .text.HAL_TIMEx_CommutCallback
                0x08008050       0x14 ./Drivers/STM32F4xx_HAL_Driver/Src/stm32f4xx_hal_tim_ex.o
                0x08008050                HAL_TIMEx_CommutCallback
 .text.HAL_TIMEx_BreakCallback
                0x08008064       0x14 ./Drivers/STM32F4xx_HAL_Driver/Src/stm32f4xx_hal_tim_ex.o
                0x08008064                HAL_TIMEx_BreakCallback
 .text.HAL_UART_Init
                0x08008078       0xa0 ./Drivers/STM32F4xx_HAL_Driver/Src/stm32f4xx_hal_uart.o
                0x08008078                HAL_UART_Init
 .text.HAL_UART_Transmit
                0x08008118      0x116 ./Drivers/STM32F4xx_HAL_Driver/Src/stm32f4xx_hal_uart.o
                0x08008118                HAL_UART_Transmit
 .text.UART_WaitOnFlagUntilTimeout
                0x0800822e       0xb2 ./Drivers/STM32F4xx_HAL_Driver/Src/stm32f4xx_hal_uart.o
 .text.UART_EndRxTransfer
                0x080082e0       0xc6 ./Drivers/STM32F4xx_HAL_Driver/Src/stm32f4xx_hal_uart.o
 *fill*         0x080083a6        0x2 
 .text.UART_SetConfig
                0x080083a8      0x4e8 ./Drivers/STM32F4xx_HAL_Driver/Src/stm32f4xx_hal_uart.o
 .text.__NVIC_SetPriority
                0x08008890       0x54 ./Middlewares/Third_Party/FreeRTOS/Source/CMSIS_RTOS_V2/cmsis_os2.o
 .text.SysTick_Handler
                0x080088e4       0x20 ./Middlewares/Third_Party/FreeRTOS/Source/CMSIS_RTOS_V2/cmsis_os2.o
                0x080088e4                SysTick_Handler
 .text.SVC_Setup
                0x08008904       0x12 ./Middlewares/Third_Party/FreeRTOS/Source/CMSIS_RTOS_V2/cmsis_os2.o
 *fill*         0x08008916        0x2 
 .text.osKernelInitialize
                0x08008918       0x48 ./Middlewares/Third_Party/FreeRTOS/Source/CMSIS_RTOS_V2/cmsis_os2.o
                0x08008918                osKernelInitialize
 .text.osKernelStart
                0x08008960       0x4c ./Middlewares/Third_Party/FreeRTOS/Source/CMSIS_RTOS_V2/cmsis_os2.o
                0x08008960                osKernelStart
 .text.osKernelGetTickCount
                0x080089ac       0x2a ./Middlewares/Third_Party/FreeRTOS/Source/CMSIS_RTOS_V2/cmsis_os2.o
                0x080089ac                osKernelGetTickCount
 .text.osThreadNew
                0x080089d6      0x124 ./Middlewares/Third_Party/FreeRTOS/Source/CMSIS_RTOS_V2/cmsis_os2.o
                0x080089d6                osThreadNew
 *fill*         0x08008afa        0x2 
 .text.osThreadYield
                0x08008afc       0x40 ./Middlewares/Third_Party/FreeRTOS/Source/CMSIS_RTOS_V2/cmsis_os2.o
                0x08008afc                osThreadYield
 .text.osThreadFlagsSet
                0x08008b3c       0x9c ./Middlewares/Third_Party/FreeRTOS/Source/CMSIS_RTOS_V2/cmsis_os2.o
                0x08008b3c                osThreadFlagsSet
 .text.osThreadFlagsWait
                0x08008bd8      0x102 ./Middlewares/Third_Party/FreeRTOS/Source/CMSIS_RTOS_V2/cmsis_os2.o
                0x08008bd8                osThreadFlagsWait
 .text.osDelay  0x08008cda       0x36 ./Middlewares/Third_Party/FreeRTOS/Source/CMSIS_RTOS_V2/cmsis_os2.o
                0x08008cda                osDelay
 .text.osDelayUntil
                0x08008d10       0x5a ./Middlewares/Third_Party/FreeRTOS/Source/CMSIS_RTOS_V2/cmsis_os2.o
                0x08008d10                osDelayUntil
 .text.TimerCallback
                0x08008d6a       0x2a ./Middlewares/Third_Party/FreeRTOS/Source/CMSIS_RTOS_V2/cmsis_os2.o
 .text.osTimerNew
                0x08008d94       0xf8 ./Middlewares/Third_Party/FreeRTOS/Source/CMSIS_RTOS_V2/cmsis_os2.o
                0x08008d94                osTimerNew
 .text.osTimerStart
                0x08008e8c       0x5c ./Middlewares/Third_Party/FreeRTOS/Source/CMSIS_RTOS_V2/cmsis_os2.o
                0x08008e8c                osTimerStart
 .text.osMutexNew
                0x08008ee8      0x10c ./Middlewares/Third_Party/FreeRTOS/Source/CMSIS_RTOS_V2/cmsis_os2.o
                0x08008ee8                osMutexNew
 .text.osMutexAcquire
                0x08008ff4       0x96 ./Middlewares/Third_Party/FreeRTOS/Source/CMSIS_RTOS_V2/cmsis_os2.o
                0x08008ff4                osMutexAcquire
 .text.osMutexRelease
                0x0800908a       0x7a ./Middlewares/Third_Party/FreeRTOS/Source/CMSIS_RTOS_V2/cmsis_os2.o
                0x0800908a                osMutexRelease
 .text.osSemaphoreNew
                0x08009104      0x112 ./Middlewares/Third_Party/FreeRTOS/Source/CMSIS_RTOS_V2/cmsis_os2.o
                0x08009104                osSemaphoreNew
 *fill*         0x08009216        0x2 
 .text.osSemaphoreAcquire
                0x08009218       0xa4 ./Middlewares/Third_Party/FreeRTOS/Source/CMSIS_RTOS_V2/cmsis_os2.o
                0x08009218                osSemaphoreAcquire
 .text.osSemaphoreRelease
                0x080092bc       0x88 ./Middlewares/Third_Party/FreeRTOS/Source/CMSIS_RTOS_V2/cmsis_os2.o
                0x080092bc                osSemaphoreRelease
 .text.osMessageQueueNew
                0x08009344       0xe6 ./Middlewares/Third_Party/FreeRTOS/Source/CMSIS_RTOS_V2/cmsis_os2.o
                0x08009344                osMessageQueueNew
 *fill*         0x0800942a        0x2 
 .text.osMessageQueuePut
                0x0800942c       0xc0 ./Middlewares/Third_Party/FreeRTOS/Source/CMSIS_RTOS_V2/cmsis_os2.o
                0x0800942c                osMessageQueuePut
 .text.osMessageQueueGet
                0x080094ec       0xbc ./Middlewares/Third_Party/FreeRTOS/Source/CMSIS_RTOS_V2/cmsis_os2.o
                0x080094ec                osMessageQueueGet
 .text.vApplicationGetIdleTaskMemory
                0x080095a8       0x34 ./Middlewares/Third_Party/FreeRTOS/Source/CMSIS_RTOS_V2/cmsis_os2.o
                0x080095a8                vApplicationGetIdleTaskMemory
 .text.vApplicationGetTimerTaskMemory
                0x080095dc       0x34 ./Middlewares/Third_Party/FreeRTOS/Source/CMSIS_RTOS_V2/cmsis_os2.o
                0x080095dc                vApplicationGetTimerTaskMemory
 .text.vListInitialise
                0x08009610       0x40 ./Middlewares/Third_Party/FreeRTOS/Source/list.o
                0x08009610                vListInitialise
 .text.vListInitialiseItem
                0x08009650       0x1a ./Middlewares/Third_Party/FreeRTOS/Source/list.o
                0x08009650                vListInitialiseItem
 .text.vListInsertEnd
                0x0800966a       0x48 ./Middlewares/Third_Party/FreeRTOS/Source/list.o
                0x0800966a                vListInsertEnd
 .text.vListInsert
                0x080096b2       0x72 ./Middlewares/Third_Party/FreeRTOS/Source/list.o
                0x080096b2                vListInsert
 .text.uxListRemove
                0x08009724       0x54 ./Middlewares/Third_Party/FreeRTOS/Source/list.o
                0x08009724                uxListRemove
 .text.xQueueGenericReset
                0x08009778       0xd4 ./Middlewares/Third_Party/FreeRTOS/Source/queue.o
                0x08009778                xQueueGenericReset
 .text.xQueueGenericCreateStatic
                0x0800984c       0xfa ./Middlewares/Third_Party/FreeRTOS/Source/queue.o
                0x0800984c                xQueueGenericCreateStatic
 .text.xQueueGenericCreate
                0x08009946       0x76 ./Middlewares/Third_Party/FreeRTOS/Source/queue.o
                0x08009946                xQueueGenericCreate
 .text.prvInitialiseNewQueue
                0x080099bc       0x46 ./Middlewares/Third_Party/FreeRTOS/Source/queue.o
 .text.prvInitialiseMutex
                0x08009a02       0x34 ./Middlewares/Third_Party/FreeRTOS/Source/queue.o
 .text.xQueueCreateMutex
                0x08009a36       0x30 ./Middlewares/Third_Party/FreeRTOS/Source/queue.o
                0x08009a36                xQueueCreateMutex
 .text.xQueueCreateMutexStatic
                0x08009a66       0x36 ./Middlewares/Third_Party/FreeRTOS/Source/queue.o
                0x08009a66                xQueueCreateMutexStatic
 .text.xQueueGiveMutexRecursive
                0x08009a9c       0x6a ./Middlewares/Third_Party/FreeRTOS/Source/queue.o
                0x08009a9c                xQueueGiveMutexRecursive
 .text.xQueueTakeMutexRecursive
                0x08009b06       0x6e ./Middlewares/Third_Party/FreeRTOS/Source/queue.o
                0x08009b06                xQueueTakeMutexRecursive
 .text.xQueueCreateCountingSemaphoreStatic
                0x08009b74       0x72 ./Middlewares/Third_Party/FreeRTOS/Source/queue.o
                0x08009b74                xQueueCreateCountingSemaphoreStatic
 .text.xQueueCreateCountingSemaphore
                0x08009be6       0x6a ./Middlewares/Third_Party/FreeRTOS/Source/queue.o
                0x08009be6                xQueueCreateCountingSemaphore
 .text.xQueueGenericSend
                0x08009c50      0x204 ./Middlewares/Third_Party/FreeRTOS/Source/queue.o
                0x08009c50                xQueueGenericSend
 .text.xQueueGenericSendFromISR
                0x08009e54      0x13c ./Middlewares/Third_Party/FreeRTOS/Source/queue.o
                0x08009e54                xQueueGenericSendFromISR
 .text.xQueueGiveFromISR
                0x08009f90      0x120 ./Middlewares/Third_Party/FreeRTOS/Source/queue.o
                0x08009f90                xQueueGiveFromISR
 .text.xQueueReceive
                0x0800a0b0      0x1c4 ./Middlewares/Third_Party/FreeRTOS/Source/queue.o
                0x0800a0b0                xQueueReceive
 .text.xQueueSemaphoreTake
                0x0800a274      0x220 ./Middlewares/Third_Party/FreeRTOS/Source/queue.o
                0x0800a274                xQueueSemaphoreTake
 .text.xQueueReceiveFromISR
                0x0800a494      0x104 ./Middlewares/Third_Party/FreeRTOS/Source/queue.o
                0x0800a494                xQueueReceiveFromISR
 .text.vQueueDelete
                0x0800a598       0x48 ./Middlewares/Third_Party/FreeRTOS/Source/queue.o
                0x0800a598                vQueueDelete
 .text.prvGetDisinheritPriorityAfterTimeout
                0x0800a5e0       0x30 ./Middlewares/Third_Party/FreeRTOS/Source/queue.o
 .text.prvCopyDataToQueue
                0x0800a610       0xd4 ./Middlewares/Third_Party/FreeRTOS/Source/queue.o
 .text.prvCopyDataFromQueue
                0x0800a6e4       0x4c ./Middlewares/Third_Party/FreeRTOS/Source/queue.o
 .text.prvUnlockQueue
                0x0800a730       0xa4 ./Middlewares/Third_Party/FreeRTOS/Source/queue.o
 .text.prvIsQueueEmpty
                0x0800a7d4       0x2c ./Middlewares/Third_Party/FreeRTOS/Source/queue.o
 .text.prvIsQueueFull
                0x0800a800       0x30 ./Middlewares/Third_Party/FreeRTOS/Source/queue.o
 .text.vQueueAddToRegistry
                0x0800a830       0x54 ./Middlewares/Third_Party/FreeRTOS/Source/queue.o
                0x0800a830                vQueueAddToRegistry
 .text.vQueueUnregisterQueue
                0x0800a884       0x54 ./Middlewares/Third_Party/FreeRTOS/Source/queue.o
                0x0800a884                vQueueUnregisterQueue
 .text.vQueueWaitForMessageRestricted
                0x0800a8d8       0x68 ./Middlewares/Third_Party/FreeRTOS/Source/queue.o
                0x0800a8d8                vQueueWaitForMessageRestricted
 .text.xTaskCreateStatic
                0x0800a940       0xc0 ./Middlewares/Third_Party/FreeRTOS/Source/tasks.o
                0x0800a940                xTaskCreateStatic
 .text.xTaskCreate
                0x0800aa00       0x8a ./Middlewares/Third_Party/FreeRTOS/Source/tasks.o
                0x0800aa00                xTaskCreate
 *fill*         0x0800aa8a        0x2 
 .text.prvInitialiseNewTask
                0x0800aa8c      0x150 ./Middlewares/Third_Party/FreeRTOS/Source/tasks.o
 .text.prvAddNewTaskToReadyList
                0x0800abdc       0xe0 ./Middlewares/Third_Party/FreeRTOS/Source/tasks.o
 .text.vTaskDelayUntil
                0x0800acbc      0x100 ./Middlewares/Third_Party/FreeRTOS/Source/tasks.o
                0x0800acbc                vTaskDelayUntil
 .text.vTaskDelay
                0x0800adbc       0x6c ./Middlewares/Third_Party/FreeRTOS/Source/tasks.o
                0x0800adbc                vTaskDelay
 .text.vTaskStartScheduler
                0x0800ae28       0xe0 ./Middlewares/Third_Party/FreeRTOS/Source/tasks.o
                0x0800ae28                vTaskStartScheduler
 .text.vTaskSuspendAll
                0x0800af08       0x1c ./Middlewares/Third_Party/FreeRTOS/Source/tasks.o
                0x0800af08                vTaskSuspendAll
 .text.xTaskResumeAll
                0x0800af24      0x13c ./Middlewares/Third_Party/FreeRTOS/Source/tasks.o
                0x0800af24                xTaskResumeAll
 .text.xTaskGetTickCount
                0x0800b060       0x20 ./Middlewares/Third_Party/FreeRTOS/Source/tasks.o
                0x0800b060                xTaskGetTickCount
 .text.xTaskGetTickCountFromISR
                0x0800b080       0x24 ./Middlewares/Third_Party/FreeRTOS/Source/tasks.o
                0x0800b080                xTaskGetTickCountFromISR
 .text.xTaskIncrementTick
                0x0800b0a4      0x174 ./Middlewares/Third_Party/FreeRTOS/Source/tasks.o
                0x0800b0a4                xTaskIncrementTick
 .text.vTaskSwitchContext
                0x0800b218      0x114 ./Middlewares/Third_Party/FreeRTOS/Source/tasks.o
                0x0800b218                vTaskSwitchContext
 .text.vTaskPlaceOnEventList
                0x0800b32c       0x4c ./Middlewares/Third_Party/FreeRTOS/Source/tasks.o
                0x0800b32c                vTaskPlaceOnEventList
 .text.vTaskPlaceOnEventListRestricted
                0x0800b378       0x58 ./Middlewares/Third_Party/FreeRTOS/Source/tasks.o
                0x0800b378                vTaskPlaceOnEventListRestricted
 .text.xTaskRemoveFromEventList
                0x0800b3d0       0xc8 ./Middlewares/Third_Party/FreeRTOS/Source/tasks.o
                0x0800b3d0                xTaskRemoveFromEventList
 .text.vTaskInternalSetTimeOutState
                0x0800b498       0x2c ./Middlewares/Third_Party/FreeRTOS/Source/tasks.o
                0x0800b498                vTaskInternalSetTimeOutState
 .text.xTaskCheckForTimeOut
                0x0800b4c4       0xc8 ./Middlewares/Third_Party/FreeRTOS/Source/tasks.o
                0x0800b4c4                xTaskCheckForTimeOut
 .text.vTaskMissedYield
                0x0800b58c       0x18 ./Middlewares/Third_Party/FreeRTOS/Source/tasks.o
                0x0800b58c                vTaskMissedYield
 .text.prvIdleTask
                0x0800b5a4       0x30 ./Middlewares/Third_Party/FreeRTOS/Source/tasks.o
 .text.prvInitialiseTaskLists
                0x0800b5d4       0x80 ./Middlewares/Third_Party/FreeRTOS/Source/tasks.o
 .text.prvCheckTasksWaitingTermination
                0x0800b654       0x5c ./Middlewares/Third_Party/FreeRTOS/Source/tasks.o
 .text.prvDeleteTCB
                0x0800b6b0       0x6a ./Middlewares/Third_Party/FreeRTOS/Source/tasks.o
 *fill*         0x0800b71a        0x2 
 .text.prvResetNextTaskUnblockTime
                0x0800b71c       0x40 ./Middlewares/Third_Party/FreeRTOS/Source/tasks.o
 .text.xTaskGetCurrentTaskHandle
                0x0800b75c       0x20 ./Middlewares/Third_Party/FreeRTOS/Source/tasks.o
                0x0800b75c                xTaskGetCurrentTaskHandle
 .text.xTaskGetSchedulerState
                0x0800b77c       0x3c ./Middlewares/Third_Party/FreeRTOS/Source/tasks.o
                0x0800b77c                xTaskGetSchedulerState
 .text.xTaskPriorityInherit
                0x0800b7b8       0xd0 ./Middlewares/Third_Party/FreeRTOS/Source/tasks.o
                0x0800b7b8                xTaskPriorityInherit
 .text.xTaskPriorityDisinherit
                0x0800b888       0xe0 ./Middlewares/Third_Party/FreeRTOS/Source/tasks.o
                0x0800b888                xTaskPriorityDisinherit
 .text.vTaskPriorityDisinheritAfterTimeout
                0x0800b968      0x108 ./Middlewares/Third_Party/FreeRTOS/Source/tasks.o
                0x0800b968                vTaskPriorityDisinheritAfterTimeout
 .text.pvTaskIncrementMutexHeldCount
                0x0800ba70       0x28 ./Middlewares/Third_Party/FreeRTOS/Source/tasks.o
                0x0800ba70                pvTaskIncrementMutexHeldCount
 .text.xTaskNotifyWait
                0x0800ba98       0xc0 ./Middlewares/Third_Party/FreeRTOS/Source/tasks.o
                0x0800ba98                xTaskNotifyWait
 .text.xTaskGenericNotify
                0x0800bb58      0x184 ./Middlewares/Third_Party/FreeRTOS/Source/tasks.o
                0x0800bb58                xTaskGenericNotify
 .text.xTaskGenericNotifyFromISR
                0x0800bcdc      0x1cc ./Middlewares/Third_Party/FreeRTOS/Source/tasks.o
                0x0800bcdc                xTaskGenericNotifyFromISR
 .text.prvAddCurrentTaskToDelayedList
                0x0800bea8       0xa8 ./Middlewares/Third_Party/FreeRTOS/Source/tasks.o
 .text.xTimerCreateTimerTask
                0x0800bf50       0x94 ./Middlewares/Third_Party/FreeRTOS/Source/timers.o
                0x0800bf50                xTimerCreateTimerTask
 .text.xTimerCreate
                0x0800bfe4       0x42 ./Middlewares/Third_Party/FreeRTOS/Source/timers.o
                0x0800bfe4                xTimerCreate
 .text.xTimerCreateStatic
                0x0800c026       0x80 ./Middlewares/Third_Party/FreeRTOS/Source/timers.o
                0x0800c026                xTimerCreateStatic
 .text.prvInitialiseNewTimer
                0x0800c0a6       0x78 ./Middlewares/Third_Party/FreeRTOS/Source/timers.o
 *fill*         0x0800c11e        0x2 
 .text.xTimerGenericCommand
                0x0800c120       0x9c ./Middlewares/Third_Party/FreeRTOS/Source/timers.o
                0x0800c120                xTimerGenericCommand
 .text.prvProcessExpiredTimer
                0x0800c1bc       0x9c ./Middlewares/Third_Party/FreeRTOS/Source/timers.o
 .text.prvTimerTask
                0x0800c258       0x26 ./Middlewares/Third_Party/FreeRTOS/Source/timers.o
 *fill*         0x0800c27e        0x2 
 .text.prvProcessTimerOrBlockTask
                0x0800c280       0x9c ./Middlewares/Third_Party/FreeRTOS/Source/timers.o
 .text.prvGetNextExpireTime
                0x0800c31c       0x48 ./Middlewares/Third_Party/FreeRTOS/Source/timers.o
 .text.prvSampleTimeNow
                0x0800c364       0x40 ./Middlewares/Third_Party/FreeRTOS/Source/timers.o
 .text.prvInsertTimerInActiveList
                0x0800c3a4       0x84 ./Middlewares/Third_Party/FreeRTOS/Source/timers.o
 .text.prvProcessReceivedCommands
                0x0800c428      0x1cc ./Middlewares/Third_Party/FreeRTOS/Source/timers.o
 .text.prvSwitchTimerLists
                0x0800c5f4       0xcc ./Middlewares/Third_Party/FreeRTOS/Source/timers.o
 .text.prvCheckForValidListAndQueue
                0x0800c6c0       0x80 ./Middlewares/Third_Party/FreeRTOS/Source/timers.o
 .text.pvTimerGetTimerID
                0x0800c740       0x42 ./Middlewares/Third_Party/FreeRTOS/Source/timers.o
                0x0800c740                pvTimerGetTimerID
 *fill*         0x0800c782        0x2 
 .text.pxPortInitialiseStack
                0x0800c784       0x68 ./Middlewares/Third_Party/FreeRTOS/Source/portable/GCC/ARM_CM4F/port.o
                0x0800c784                pxPortInitialiseStack
 .text.prvTaskExitError
                0x0800c7ec       0x5c ./Middlewares/Third_Party/FreeRTOS/Source/portable/GCC/ARM_CM4F/port.o
 *fill*         0x0800c848        0x8 
 .text.SVC_Handler
                0x0800c850       0x28 ./Middlewares/Third_Party/FreeRTOS/Source/portable/GCC/ARM_CM4F/port.o
                0x0800c850                SVC_Handler
 .text.prvPortStartFirstTask
                0x0800c878       0x28 ./Middlewares/Third_Party/FreeRTOS/Source/portable/GCC/ARM_CM4F/port.o
 .text.xPortStartScheduler
                0x0800c8a0      0x148 ./Middlewares/Third_Party/FreeRTOS/Source/portable/GCC/ARM_CM4F/port.o
                0x0800c8a0                xPortStartScheduler
 .text.vPortEnterCritical
                0x0800c9e8       0x64 ./Middlewares/Third_Party/FreeRTOS/Source/portable/GCC/ARM_CM4F/port.o
                0x0800c9e8                vPortEnterCritical
 .text.vPortExitCritical
                0x0800ca4c       0x54 ./Middlewares/Third_Party/FreeRTOS/Source/portable/GCC/ARM_CM4F/port.o
                0x0800ca4c                vPortExitCritical
 .text.PendSV_Handler
                0x0800caa0       0x68 ./Middlewares/Third_Party/FreeRTOS/Source/portable/GCC/ARM_CM4F/port.o
                0x0800caa0                PendSV_Handler
 .text.xPortSysTickHandler
                0x0800cb08       0x44 ./Middlewares/Third_Party/FreeRTOS/Source/portable/GCC/ARM_CM4F/port.o
                0x0800cb08                xPortSysTickHandler
 .text.vPortSetupTimerInterrupt
                0x0800cb4c       0x48 ./Middlewares/Third_Party/FreeRTOS/Source/portable/GCC/ARM_CM4F/port.o
                0x0800cb4c                vPortSetupTimerInterrupt
 .text.vPortEnableVFP
                0x0800cb94       0x14 ./Middlewares/Third_Party/FreeRTOS/Source/portable/GCC/ARM_CM4F/port.o
 .text.vPortValidateInterruptPriority
                0x0800cba8       0x84 ./Middlewares/Third_Party/FreeRTOS/Source/portable/GCC/ARM_CM4F/port.o
                0x0800cba8                vPortValidateInterruptPriority
 .text.pvPortMalloc
                0x0800cc2c      0x1a8 ./Middlewares/Third_Party/FreeRTOS/Source/portable/MemMang/heap_4.o
                0x0800cc2c                pvPortMalloc
 .text.vPortFree
                0x0800cdd4       0xc8 ./Middlewares/Third_Party/FreeRTOS/Source/portable/MemMang/heap_4.o
                0x0800cdd4                vPortFree
 .text.prvHeapInit
                0x0800ce9c       0xc4 ./Middlewares/Third_Party/FreeRTOS/Source/portable/MemMang/heap_4.o
 .text.prvInsertBlockIntoFreeList
                0x0800cf60       0xb4 ./Middlewares/Third_Party/FreeRTOS/Source/portable/MemMang/heap_4.o
 .text.arm_rfft_fast_init_f32
                0x0800d014      0x108 ../Core/Lib\libarm_cortexM4lf_math.a(arm_rfft_fast_init_f32.o)
                0x0800d014                arm_rfft_fast_init_f32
 .text.arm_rfft_fast_f32
                0x0800d11c      0x188 ../Core/Lib\libarm_cortexM4lf_math.a(arm_rfft_fast_f32.o)
                0x0800d11c                arm_rfft_fast_f32
 .text.arm_cfft_radix8by2_f32
                0x0800d2a4      0x1a4 ../Core/Lib\libarm_cortexM4lf_math.a(arm_cfft_f32.o)
                0x0800d2a4                arm_cfft_radix8by2_f32
 .text.arm_cfft_radix8by4_f32
                0x0800d448      0x4bc ../Core/Lib\libarm_cortexM4lf_math.a(arm_cfft_f32.o)
                0x0800d448                arm_cfft_radix8by4_f32
 .text.arm_cfft_f32
                0x0800d904       0xf4 ../Core/Lib\libarm_cortexM4lf_math.a(arm_cfft_f32.o)
                0x0800d904                arm_cfft_f32
 .text.arm_radix8_butterfly_f32
                0x0800d9f8      0x5c4 ../Core/Lib\libarm_cortexM4lf_math.a(arm_cfft_radix8_f32.o)
                0x0800d9f8                arm_radix8_butterfly_f32
 .text.__cvt    0x0800dfbc       0xca C:/ST/STM32CubeIDE_1.16.1/STM32CubeIDE/plugins/com.st.stm32cube.ide.mcu.externaltools.gnu-tools-for-stm32.12.3.rel1.win32_1.1.0.202410251130/tools/bin/../lib/gcc/arm-none-eabi/12.3.1/../../../../arm-none-eabi/lib/thumb/v7e-m+fp/hard\libc_nano.a(libc_a-nano-vfprintf_float.o)
                0x0800dfbc                __cvt
 .text.__exponent
                0x0800e086       0x74 C:/ST/STM32CubeIDE_1.16.1/STM32CubeIDE/plugins/com.st.stm32cube.ide.mcu.externaltools.gnu-tools-for-stm32.12.3.rel1.win32_1.1.0.202410251130/tools/bin/../lib/gcc/arm-none-eabi/12.3.1/../../../../arm-none-eabi/lib/thumb/v7e-m+fp/hard\libc_nano.a(libc_a-nano-vfprintf_float.o)
                0x0800e086                __exponent
 *fill*         0x0800e0fa        0x2 
 .text._printf_float
                0x0800e0fc      0x454 C:/ST/STM32CubeIDE_1.16.1/STM32CubeIDE/plugins/com.st.stm32cube.ide.mcu.externaltools.gnu-tools-for-stm32.12.3.rel1.win32_1.1.0.202410251130/tools/bin/../lib/gcc/arm-none-eabi/12.3.1/../../../../arm-none-eabi/lib/thumb/v7e-m+fp/hard\libc_nano.a(libc_a-nano-vfprintf_float.o)
                0x0800e0fc                _printf_float
 .text._printf_common
                0x0800e550       0xda C:/ST/STM32CubeIDE_1.16.1/STM32CubeIDE/plugins/com.st.stm32cube.ide.mcu.externaltools.gnu-tools-for-stm32.12.3.rel1.win32_1.1.0.202410251130/tools/bin/../lib/gcc/arm-none-eabi/12.3.1/../../../../arm-none-eabi/lib/thumb/v7e-m+fp/hard\libc_nano.a(libc_a-nano-vfprintf_i.o)
                0x0800e550                _printf_common
 *fill*         0x0800e62a        0x2 
 .text._printf_i
                0x0800e62c      0x240 C:/ST/STM32CubeIDE_1.16.1/STM32CubeIDE/plugins/com.st.stm32cube.ide.mcu.externaltools.gnu-tools-for-stm32.12.3.rel1.win32_1.1.0.202410251130/tools/bin/../lib/gcc/arm-none-eabi/12.3.1/../../../../arm-none-eabi/lib/thumb/v7e-m+fp/hard\libc_nano.a(libc_a-nano-vfprintf_i.o)
                0x0800e62c                _printf_i
 .text._scanf_float
                0x0800e86c      0x428 C:/ST/STM32CubeIDE_1.16.1/STM32CubeIDE/plugins/com.st.stm32cube.ide.mcu.externaltools.gnu-tools-for-stm32.12.3.rel1.win32_1.1.0.202410251130/tools/bin/../lib/gcc/arm-none-eabi/12.3.1/../../../../arm-none-eabi/lib/thumb/v7e-m+fp/hard\libc_nano.a(libc_a-nano-vfscanf_float.o)
                0x0800e86c                _scanf_float
 .text.std      0x0800ec94       0x6c C:/ST/STM32CubeIDE_1.16.1/STM32CubeIDE/plugins/com.st.stm32cube.ide.mcu.externaltools.gnu-tools-for-stm32.12.3.rel1.win32_1.1.0.202410251130/tools/bin/../lib/gcc/arm-none-eabi/12.3.1/../../../../arm-none-eabi/lib/thumb/v7e-m+fp/hard\libc_nano.a(libc_a-findfp.o)
 .text.stdio_exit_handler
                0x0800ed00       0x18 C:/ST/STM32CubeIDE_1.16.1/STM32CubeIDE/plugins/com.st.stm32cube.ide.mcu.externaltools.gnu-tools-for-stm32.12.3.rel1.win32_1.1.0.202410251130/tools/bin/../lib/gcc/arm-none-eabi/12.3.1/../../../../arm-none-eabi/lib/thumb/v7e-m+fp/hard\libc_nano.a(libc_a-findfp.o)
 .text.cleanup_stdio
                0x0800ed18       0x40 C:/ST/STM32CubeIDE_1.16.1/STM32CubeIDE/plugins/com.st.stm32cube.ide.mcu.externaltools.gnu-tools-for-stm32.12.3.rel1.win32_1.1.0.202410251130/tools/bin/../lib/gcc/arm-none-eabi/12.3.1/../../../../arm-none-eabi/lib/thumb/v7e-m+fp/hard\libc_nano.a(libc_a-findfp.o)
 .text.global_stdio_init.part.0
                0x0800ed58       0x3c C:/ST/STM32CubeIDE_1.16.1/STM32CubeIDE/plugins/com.st.stm32cube.ide.mcu.externaltools.gnu-tools-for-stm32.12.3.rel1.win32_1.1.0.202410251130/tools/bin/../lib/gcc/arm-none-eabi/12.3.1/../../../../arm-none-eabi/lib/thumb/v7e-m+fp/hard\libc_nano.a(libc_a-findfp.o)
 .text.__sfp_lock_acquire
                0x0800ed94        0xc C:/ST/STM32CubeIDE_1.16.1/STM32CubeIDE/plugins/com.st.stm32cube.ide.mcu.externaltools.gnu-tools-for-stm32.12.3.rel1.win32_1.1.0.202410251130/tools/bin/../lib/gcc/arm-none-eabi/12.3.1/../../../../arm-none-eabi/lib/thumb/v7e-m+fp/hard\libc_nano.a(libc_a-findfp.o)
                0x0800ed94                __sfp_lock_acquire
 .text.__sfp_lock_release
                0x0800eda0        0xc C:/ST/STM32CubeIDE_1.16.1/STM32CubeIDE/plugins/com.st.stm32cube.ide.mcu.externaltools.gnu-tools-for-stm32.12.3.rel1.win32_1.1.0.202410251130/tools/bin/../lib/gcc/arm-none-eabi/12.3.1/../../../../arm-none-eabi/lib/thumb/v7e-m+fp/hard\libc_nano.a(libc_a-findfp.o)
                0x0800eda0                __sfp_lock_release
 .text.__sinit  0x0800edac       0x30 C:/ST/STM32CubeIDE_1.16.1/STM32CubeIDE/plugins/com.st.stm32cube.ide.mcu.externaltools.gnu-tools-for-stm32.12.3.rel1.win32_1.1.0.202410251130/tools/bin/../lib/gcc/arm-none-eabi/12.3.1/../../../../arm-none-eabi/lib/thumb/v7e-m+fp/hard\libc_nano.a(libc_a-findfp.o)
                0x0800edac                __sinit
 .text._fwalk_sglue
                0x0800eddc       0x3c C:/ST/STM32CubeIDE_1.16.1/STM32CubeIDE/plugins/com.st.stm32cube.ide.mcu.externaltools.gnu-tools-for-stm32.12.3.rel1.win32_1.1.0.202410251130/tools/bin/../lib/gcc/arm-none-eabi/12.3.1/../../../../arm-none-eabi/lib/thumb/v7e-m+fp/hard\libc_nano.a(libc_a-fwalk.o)
                0x0800eddc                _fwalk_sglue
 .text.sprintf  0x0800ee18       0x40 C:/ST/STM32CubeIDE_1.16.1/STM32CubeIDE/plugins/com.st.stm32cube.ide.mcu.externaltools.gnu-tools-for-stm32.12.3.rel1.win32_1.1.0.202410251130/tools/bin/../lib/gcc/arm-none-eabi/12.3.1/../../../../arm-none-eabi/lib/thumb/v7e-m+fp/hard\libc_nano.a(libc_a-sprintf.o)
                0x0800ee18                siprintf
                0x0800ee18                sprintf
 .text.__sread  0x0800ee58       0x22 C:/ST/STM32CubeIDE_1.16.1/STM32CubeIDE/plugins/com.st.stm32cube.ide.mcu.externaltools.gnu-tools-for-stm32.12.3.rel1.win32_1.1.0.202410251130/tools/bin/../lib/gcc/arm-none-eabi/12.3.1/../../../../arm-none-eabi/lib/thumb/v7e-m+fp/hard\libc_nano.a(libc_a-stdio.o)
                0x0800ee58                __sread
 .text.__swrite
                0x0800ee7a       0x38 C:/ST/STM32CubeIDE_1.16.1/STM32CubeIDE/plugins/com.st.stm32cube.ide.mcu.externaltools.gnu-tools-for-stm32.12.3.rel1.win32_1.1.0.202410251130/tools/bin/../lib/gcc/arm-none-eabi/12.3.1/../../../../arm-none-eabi/lib/thumb/v7e-m+fp/hard\libc_nano.a(libc_a-stdio.o)
                0x0800ee7a                __swrite
 .text.__sseek  0x0800eeb2       0x24 C:/ST/STM32CubeIDE_1.16.1/STM32CubeIDE/plugins/com.st.stm32cube.ide.mcu.externaltools.gnu-tools-for-stm32.12.3.rel1.win32_1.1.0.202410251130/tools/bin/../lib/gcc/arm-none-eabi/12.3.1/../../../../arm-none-eabi/lib/thumb/v7e-m+fp/hard\libc_nano.a(libc_a-stdio.o)
                0x0800eeb2                __sseek
 .text.__sclose
                0x0800eed6        0x8 C:/ST/STM32CubeIDE_1.16.1/STM32CubeIDE/plugins/com.st.stm32cube.ide.mcu.externaltools.gnu-tools-for-stm32.12.3.rel1.win32_1.1.0.202410251130/tools/bin/../lib/gcc/arm-none-eabi/12.3.1/../../../../arm-none-eabi/lib/thumb/v7e-m+fp/hard\libc_nano.a(libc_a-stdio.o)
                0x0800eed6                __sclose
 .text.memset   0x0800eede       0x10 C:/ST/STM32CubeIDE_1.16.1/STM32CubeIDE/plugins/com.st.stm32cube.ide.mcu.externaltools.gnu-tools-for-stm32.12.3.rel1.win32_1.1.0.202410251130/tools/bin/../lib/gcc/arm-none-eabi/12.3.1/../../../../arm-none-eabi/lib/thumb/v7e-m+fp/hard\libc_nano.a(libc_a-memset.o)
                0x0800eede                memset
 *fill*         0x0800eeee        0x2 
 .text._localeconv_r
                0x0800eef0        0x8 C:/ST/STM32CubeIDE_1.16.1/STM32CubeIDE/plugins/com.st.stm32cube.ide.mcu.externaltools.gnu-tools-for-stm32.12.3.rel1.win32_1.1.0.202410251130/tools/bin/../lib/gcc/arm-none-eabi/12.3.1/../../../../arm-none-eabi/lib/thumb/v7e-m+fp/hard\libc_nano.a(libc_a-localeconv.o)
                0x0800eef0                _localeconv_r
 .text._close_r
                0x0800eef8       0x20 C:/ST/STM32CubeIDE_1.16.1/STM32CubeIDE/plugins/com.st.stm32cube.ide.mcu.externaltools.gnu-tools-for-stm32.12.3.rel1.win32_1.1.0.202410251130/tools/bin/../lib/gcc/arm-none-eabi/12.3.1/../../../../arm-none-eabi/lib/thumb/v7e-m+fp/hard\libc_nano.a(libc_a-closer.o)
                0x0800eef8                _close_r
 .text._reclaim_reent
                0x0800ef18       0xac C:/ST/STM32CubeIDE_1.16.1/STM32CubeIDE/plugins/com.st.stm32cube.ide.mcu.externaltools.gnu-tools-for-stm32.12.3.rel1.win32_1.1.0.202410251130/tools/bin/../lib/gcc/arm-none-eabi/12.3.1/../../../../arm-none-eabi/lib/thumb/v7e-m+fp/hard\libc_nano.a(libc_a-reent.o)
                0x0800ef18                _reclaim_reent
 .text._lseek_r
                0x0800efc4       0x24 C:/ST/STM32CubeIDE_1.16.1/STM32CubeIDE/plugins/com.st.stm32cube.ide.mcu.externaltools.gnu-tools-for-stm32.12.3.rel1.win32_1.1.0.202410251130/tools/bin/../lib/gcc/arm-none-eabi/12.3.1/../../../../arm-none-eabi/lib/thumb/v7e-m+fp/hard\libc_nano.a(libc_a-lseekr.o)
                0x0800efc4                _lseek_r
 .text._read_r  0x0800efe8       0x24 C:/ST/STM32CubeIDE_1.16.1/STM32CubeIDE/plugins/com.st.stm32cube.ide.mcu.externaltools.gnu-tools-for-stm32.12.3.rel1.win32_1.1.0.202410251130/tools/bin/../lib/gcc/arm-none-eabi/12.3.1/../../../../arm-none-eabi/lib/thumb/v7e-m+fp/hard\libc_nano.a(libc_a-readr.o)
                0x0800efe8                _read_r
 .text._write_r
                0x0800f00c       0x24 C:/ST/STM32CubeIDE_1.16.1/STM32CubeIDE/plugins/com.st.stm32cube.ide.mcu.externaltools.gnu-tools-for-stm32.12.3.rel1.win32_1.1.0.202410251130/tools/bin/../lib/gcc/arm-none-eabi/12.3.1/../../../../arm-none-eabi/lib/thumb/v7e-m+fp/hard\libc_nano.a(libc_a-writer.o)
                0x0800f00c                _write_r
 .text.__errno  0x0800f030        0xc C:/ST/STM32CubeIDE_1.16.1/STM32CubeIDE/plugins/com.st.stm32cube.ide.mcu.externaltools.gnu-tools-for-stm32.12.3.rel1.win32_1.1.0.202410251130/tools/bin/../lib/gcc/arm-none-eabi/12.3.1/../../../../arm-none-eabi/lib/thumb/v7e-m+fp/hard\libc_nano.a(libc_a-errno.o)
                0x0800f030                __errno
 .text.__libc_init_array
                0x0800f03c       0x48 C:/ST/STM32CubeIDE_1.16.1/STM32CubeIDE/plugins/com.st.stm32cube.ide.mcu.externaltools.gnu-tools-for-stm32.12.3.rel1.win32_1.1.0.202410251130/tools/bin/../lib/gcc/arm-none-eabi/12.3.1/../../../../arm-none-eabi/lib/thumb/v7e-m+fp/hard\libc_nano.a(libc_a-init.o)
                0x0800f03c                __libc_init_array
 .text.__retarget_lock_init_recursive
                0x0800f084        0x2 C:/ST/STM32CubeIDE_1.16.1/STM32CubeIDE/plugins/com.st.stm32cube.ide.mcu.externaltools.gnu-tools-for-stm32.12.3.rel1.win32_1.1.0.202410251130/tools/bin/../lib/gcc/arm-none-eabi/12.3.1/../../../../arm-none-eabi/lib/thumb/v7e-m+fp/hard\libc_nano.a(libc_a-lock.o)
                0x0800f084                __retarget_lock_init_recursive
 .text.__retarget_lock_acquire_recursive
                0x0800f086        0x2 C:/ST/STM32CubeIDE_1.16.1/STM32CubeIDE/plugins/com.st.stm32cube.ide.mcu.externaltools.gnu-tools-for-stm32.12.3.rel1.win32_1.1.0.202410251130/tools/bin/../lib/gcc/arm-none-eabi/12.3.1/../../../../arm-none-eabi/lib/thumb/v7e-m+fp/hard\libc_nano.a(libc_a-lock.o)
                0x0800f086                __retarget_lock_acquire_recursive
 .text.__retarget_lock_release_recursive
                0x0800f088        0x2 C:/ST/STM32CubeIDE_1.16.1/STM32CubeIDE/plugins/com.st.stm32cube.ide.mcu.externaltools.gnu-tools-for-stm32.12.3.rel1.win32_1.1.0.202410251130/tools/bin/../lib/gcc/arm-none-eabi/12.3.1/../../../../arm-none-eabi/lib/thumb/v7e-m+fp/hard\libc_nano.a(libc_a-lock.o)
                0x0800f088                __retarget_lock_release_recursive
 .text.memcpy   0x0800f08a       0x1c C:/ST/STM32CubeIDE_1.16.1/STM32CubeIDE/plugins/com.st.stm32cube.ide.mcu.externaltools.gnu-tools-for-stm32.12.3.rel1.win32_1.1.0.202410251130/tools/bin/../lib/gcc/arm-none-eabi/12.3.1/../../../../arm-none-eabi/lib/thumb/v7e-m+fp/hard\libc_nano.a(libc_a-memcpy-stub.o)
                0x0800f08a                memcpy
 *fill*         0x0800f0a6        0x2 
 .text.nanf     0x0800f0a8        0xc C:/ST/STM32CubeIDE_1.16.1/STM32CubeIDE/plugins/com.st.stm32cube.ide.mcu.externaltools.gnu-tools-for-stm32.12.3.rel1.win32_1.1.0.202410251130/tools/bin/../lib/gcc/arm-none-eabi/12.3.1/../../../../arm-none-eabi/lib/thumb/v7e-m+fp/hard\libc_nano.a(libm_a-sf_nan.o)
                0x0800f0a8                nanf
 .text.quorem   0x0800f0b4      0x110 C:/ST/STM32CubeIDE_1.16.1/STM32CubeIDE/plugins/com.st.stm32cube.ide.mcu.externaltools.gnu-tools-for-stm32.12.3.rel1.win32_1.1.0.202410251130/tools/bin/../lib/gcc/arm-none-eabi/12.3.1/../../../../arm-none-eabi/lib/thumb/v7e-m+fp/hard\libc_nano.a(libc_a-dtoa.o)
 *fill*         0x0800f1c4        0x4 
 .text._dtoa_r  0x0800f1c8      0xb88 C:/ST/STM32CubeIDE_1.16.1/STM32CubeIDE/plugins/com.st.stm32cube.ide.mcu.externaltools.gnu-tools-for-stm32.12.3.rel1.win32_1.1.0.202410251130/tools/bin/../lib/gcc/arm-none-eabi/12.3.1/../../../../arm-none-eabi/lib/thumb/v7e-m+fp/hard\libc_nano.a(libc_a-dtoa.o)
                0x0800f1c8                _dtoa_r
 .text._free_r  0x0800fd50       0x94 C:/ST/STM32CubeIDE_1.16.1/STM32CubeIDE/plugins/com.st.stm32cube.ide.mcu.externaltools.gnu-tools-for-stm32.12.3.rel1.win32_1.1.0.202410251130/tools/bin/../lib/gcc/arm-none-eabi/12.3.1/../../../../arm-none-eabi/lib/thumb/v7e-m+fp/hard\libc_nano.a(libc_a-freer.o)
                0x0800fd50                _free_r
 .text.malloc   0x0800fde4       0x10 C:/ST/STM32CubeIDE_1.16.1/STM32CubeIDE/plugins/com.st.stm32cube.ide.mcu.externaltools.gnu-tools-for-stm32.12.3.rel1.win32_1.1.0.202410251130/tools/bin/../lib/gcc/arm-none-eabi/12.3.1/../../../../arm-none-eabi/lib/thumb/v7e-m+fp/hard\libc_nano.a(libc_a-malloc.o)
                0x0800fde4                malloc
 .text.sbrk_aligned
                0x0800fdf4       0x44 C:/ST/STM32CubeIDE_1.16.1/STM32CubeIDE/plugins/com.st.stm32cube.ide.mcu.externaltools.gnu-tools-for-stm32.12.3.rel1.win32_1.1.0.202410251130/tools/bin/../lib/gcc/arm-none-eabi/12.3.1/../../../../arm-none-eabi/lib/thumb/v7e-m+fp/hard\libc_nano.a(libc_a-mallocr.o)
 .text._malloc_r
                0x0800fe38      0x100 C:/ST/STM32CubeIDE_1.16.1/STM32CubeIDE/plugins/com.st.stm32cube.ide.mcu.externaltools.gnu-tools-for-stm32.12.3.rel1.win32_1.1.0.202410251130/tools/bin/../lib/gcc/arm-none-eabi/12.3.1/../../../../arm-none-eabi/lib/thumb/v7e-m+fp/hard\libc_nano.a(libc_a-mallocr.o)
                0x0800fe38                _malloc_r
 .text.__malloc_lock
                0x0800ff38        0xc C:/ST/STM32CubeIDE_1.16.1/STM32CubeIDE/plugins/com.st.stm32cube.ide.mcu.externaltools.gnu-tools-for-stm32.12.3.rel1.win32_1.1.0.202410251130/tools/bin/../lib/gcc/arm-none-eabi/12.3.1/../../../../arm-none-eabi/lib/thumb/v7e-m+fp/hard\libc_nano.a(libc_a-mlock.o)
                0x0800ff38                __malloc_lock
 .text.__malloc_unlock
                0x0800ff44        0xc C:/ST/STM32CubeIDE_1.16.1/STM32CubeIDE/plugins/com.st.stm32cube.ide.mcu.externaltools.gnu-tools-for-stm32.12.3.rel1.win32_1.1.0.202410251130/tools/bin/../lib/gcc/arm-none-eabi/12.3.1/../../../../arm-none-eabi/lib/thumb/v7e-m+fp/hard\libc_nano.a(libc_a-mlock.o)
                0x0800ff44                __malloc_unlock
 .text._Balloc  0x0800ff50       0x80 C:/ST/STM32CubeIDE_1.16.1/STM32CubeIDE/plugins/com.st.stm32cube.ide.mcu.externaltools.gnu-tools-for-stm32.12.3.rel1.win32_1.1.0.202410251130/tools/bin/../lib/gcc/arm-none-eabi/12.3.1/../../../../arm-none-eabi/lib/thumb/v7e-m+fp/hard\libc_nano.a(libc_a-mprec.o)
                0x0800ff50                _Balloc
 .text._Bfree   0x0800ffd0       0x44 C:/ST/STM32CubeIDE_1.16.1/STM32CubeIDE/plugins/com.st.stm32cube.ide.mcu.externaltools.gnu-tools-for-stm32.12.3.rel1.win32_1.1.0.202410251130/tools/bin/../lib/gcc/arm-none-eabi/12.3.1/../../../../arm-none-eabi/lib/thumb/v7e-m+fp/hard\libc_nano.a(libc_a-mprec.o)
                0x0800ffd0                _Bfree
 .text.__multadd
                0x08010014       0x8c C:/ST/STM32CubeIDE_1.16.1/STM32CubeIDE/plugins/com.st.stm32cube.ide.mcu.externaltools.gnu-tools-for-stm32.12.3.rel1.win32_1.1.0.202410251130/tools/bin/../lib/gcc/arm-none-eabi/12.3.1/../../../../arm-none-eabi/lib/thumb/v7e-m+fp/hard\libc_nano.a(libc_a-mprec.o)
                0x08010014                __multadd
 .text.__s2b    0x080100a0       0x94 C:/ST/STM32CubeIDE_1.16.1/STM32CubeIDE/plugins/com.st.stm32cube.ide.mcu.externaltools.gnu-tools-for-stm32.12.3.rel1.win32_1.1.0.202410251130/tools/bin/../lib/gcc/arm-none-eabi/12.3.1/../../../../arm-none-eabi/lib/thumb/v7e-m+fp/hard\libc_nano.a(libc_a-mprec.o)
                0x080100a0                __s2b
 .text.__hi0bits
                0x08010134       0x3e C:/ST/STM32CubeIDE_1.16.1/STM32CubeIDE/plugins/com.st.stm32cube.ide.mcu.externaltools.gnu-tools-for-stm32.12.3.rel1.win32_1.1.0.202410251130/tools/bin/../lib/gcc/arm-none-eabi/12.3.1/../../../../arm-none-eabi/lib/thumb/v7e-m+fp/hard\libc_nano.a(libc_a-mprec.o)
                0x08010134                __hi0bits
 .text.__lo0bits
                0x08010172       0x5a C:/ST/STM32CubeIDE_1.16.1/STM32CubeIDE/plugins/com.st.stm32cube.ide.mcu.externaltools.gnu-tools-for-stm32.12.3.rel1.win32_1.1.0.202410251130/tools/bin/../lib/gcc/arm-none-eabi/12.3.1/../../../../arm-none-eabi/lib/thumb/v7e-m+fp/hard\libc_nano.a(libc_a-mprec.o)
                0x08010172                __lo0bits
 .text.__i2b    0x080101cc       0x2c C:/ST/STM32CubeIDE_1.16.1/STM32CubeIDE/plugins/com.st.stm32cube.ide.mcu.externaltools.gnu-tools-for-stm32.12.3.rel1.win32_1.1.0.202410251130/tools/bin/../lib/gcc/arm-none-eabi/12.3.1/../../../../arm-none-eabi/lib/thumb/v7e-m+fp/hard\libc_nano.a(libc_a-mprec.o)
                0x080101cc                __i2b
 .text.__multiply
                0x080101f8      0x154 C:/ST/STM32CubeIDE_1.16.1/STM32CubeIDE/plugins/com.st.stm32cube.ide.mcu.externaltools.gnu-tools-for-stm32.12.3.rel1.win32_1.1.0.202410251130/tools/bin/../lib/gcc/arm-none-eabi/12.3.1/../../../../arm-none-eabi/lib/thumb/v7e-m+fp/hard\libc_nano.a(libc_a-mprec.o)
                0x080101f8                __multiply
 .text.__pow5mult
                0x0801034c       0xb4 C:/ST/STM32CubeIDE_1.16.1/STM32CubeIDE/plugins/com.st.stm32cube.ide.mcu.externaltools.gnu-tools-for-stm32.12.3.rel1.win32_1.1.0.202410251130/tools/bin/../lib/gcc/arm-none-eabi/12.3.1/../../../../arm-none-eabi/lib/thumb/v7e-m+fp/hard\libc_nano.a(libc_a-mprec.o)
                0x0801034c                __pow5mult
 .text.__lshift
                0x08010400       0xd8 C:/ST/STM32CubeIDE_1.16.1/STM32CubeIDE/plugins/com.st.stm32cube.ide.mcu.externaltools.gnu-tools-for-stm32.12.3.rel1.win32_1.1.0.202410251130/tools/bin/../lib/gcc/arm-none-eabi/12.3.1/../../../../arm-none-eabi/lib/thumb/v7e-m+fp/hard\libc_nano.a(libc_a-mprec.o)
                0x08010400                __lshift
 .text.__mcmp   0x080104d8       0x36 C:/ST/STM32CubeIDE_1.16.1/STM32CubeIDE/plugins/com.st.stm32cube.ide.mcu.externaltools.gnu-tools-for-stm32.12.3.rel1.win32_1.1.0.202410251130/tools/bin/../lib/gcc/arm-none-eabi/12.3.1/../../../../arm-none-eabi/lib/thumb/v7e-m+fp/hard\libc_nano.a(libc_a-mprec.o)
                0x080104d8                __mcmp
 *fill*         0x0801050e        0x2 
 .text.__mdiff  0x08010510      0x128 C:/ST/STM32CubeIDE_1.16.1/STM32CubeIDE/plugins/com.st.stm32cube.ide.mcu.externaltools.gnu-tools-for-stm32.12.3.rel1.win32_1.1.0.202410251130/tools/bin/../lib/gcc/arm-none-eabi/12.3.1/../../../../arm-none-eabi/lib/thumb/v7e-m+fp/hard\libc_nano.a(libc_a-mprec.o)
                0x08010510                __mdiff
 .text.__ulp    0x08010638       0x4c C:/ST/STM32CubeIDE_1.16.1/STM32CubeIDE/plugins/com.st.stm32cube.ide.mcu.externaltools.gnu-tools-for-stm32.12.3.rel1.win32_1.1.0.202410251130/tools/bin/../lib/gcc/arm-none-eabi/12.3.1/../../../../arm-none-eabi/lib/thumb/v7e-m+fp/hard\libc_nano.a(libc_a-mprec.o)
                0x08010638                __ulp
 .text.__b2d    0x08010684       0x94 C:/ST/STM32CubeIDE_1.16.1/STM32CubeIDE/plugins/com.st.stm32cube.ide.mcu.externaltools.gnu-tools-for-stm32.12.3.rel1.win32_1.1.0.202410251130/tools/bin/../lib/gcc/arm-none-eabi/12.3.1/../../../../arm-none-eabi/lib/thumb/v7e-m+fp/hard\libc_nano.a(libc_a-mprec.o)
                0x08010684                __b2d
 .text.__d2b    0x08010718       0xb0 C:/ST/STM32CubeIDE_1.16.1/STM32CubeIDE/plugins/com.st.stm32cube.ide.mcu.externaltools.gnu-tools-for-stm32.12.3.rel1.win32_1.1.0.202410251130/tools/bin/../lib/gcc/arm-none-eabi/12.3.1/../../../../arm-none-eabi/lib/thumb/v7e-m+fp/hard\libc_nano.a(libc_a-mprec.o)
                0x08010718                __d2b
 .text.__ratio  0x080107c8       0x64 C:/ST/STM32CubeIDE_1.16.1/STM32CubeIDE/plugins/com.st.stm32cube.ide.mcu.externaltools.gnu-tools-for-stm32.12.3.rel1.win32_1.1.0.202410251130/tools/bin/../lib/gcc/arm-none-eabi/12.3.1/../../../../arm-none-eabi/lib/thumb/v7e-m+fp/hard\libc_nano.a(libc_a-mprec.o)
                0x080107c8                __ratio
 .text.__copybits
                0x0801082c       0x46 C:/ST/STM32CubeIDE_1.16.1/STM32CubeIDE/plugins/com.st.stm32cube.ide.mcu.externaltools.gnu-tools-for-stm32.12.3.rel1.win32_1.1.0.202410251130/tools/bin/../lib/gcc/arm-none-eabi/12.3.1/../../../../arm-none-eabi/lib/thumb/v7e-m+fp/hard\libc_nano.a(libc_a-mprec.o)
                0x0801082c                __copybits
 .text.__any_on
                0x08010872       0x42 C:/ST/STM32CubeIDE_1.16.1/STM32CubeIDE/plugins/com.st.stm32cube.ide.mcu.externaltools.gnu-tools-for-stm32.12.3.rel1.win32_1.1.0.202410251130/tools/bin/../lib/gcc/arm-none-eabi/12.3.1/../../../../arm-none-eabi/lib/thumb/v7e-m+fp/hard\libc_nano.a(libc_a-mprec.o)
                0x08010872                __any_on
 .text.sulp     0x080108b4       0x3c C:/ST/STM32CubeIDE_1.16.1/STM32CubeIDE/plugins/com.st.stm32cube.ide.mcu.externaltools.gnu-tools-for-stm32.12.3.rel1.win32_1.1.0.202410251130/tools/bin/../lib/gcc/arm-none-eabi/12.3.1/../../../../arm-none-eabi/lib/thumb/v7e-m+fp/hard\libc_nano.a(libc_a-strtod.o)
 .text._strtod_l
                0x080108f0      0xbc8 C:/ST/STM32CubeIDE_1.16.1/STM32CubeIDE/plugins/com.st.stm32cube.ide.mcu.externaltools.gnu-tools-for-stm32.12.3.rel1.win32_1.1.0.202410251130/tools/bin/../lib/gcc/arm-none-eabi/12.3.1/../../../../arm-none-eabi/lib/thumb/v7e-m+fp/hard\libc_nano.a(libc_a-strtod.o)
                0x080108f0                _strtod_l
 .text._strtod_r
                0x080114b8        0xc C:/ST/STM32CubeIDE_1.16.1/STM32CubeIDE/plugins/com.st.stm32cube.ide.mcu.externaltools.gnu-tools-for-stm32.12.3.rel1.win32_1.1.0.202410251130/tools/bin/../lib/gcc/arm-none-eabi/12.3.1/../../../../arm-none-eabi/lib/thumb/v7e-m+fp/hard\libc_nano.a(libc_a-strtod.o)
                0x080114b8                _strtod_r
 .text._strtol_l.constprop.0
                0x080114c4       0xf4 C:/ST/STM32CubeIDE_1.16.1/STM32CubeIDE/plugins/com.st.stm32cube.ide.mcu.externaltools.gnu-tools-for-stm32.12.3.rel1.win32_1.1.0.202410251130/tools/bin/../lib/gcc/arm-none-eabi/12.3.1/../../../../arm-none-eabi/lib/thumb/v7e-m+fp/hard\libc_nano.a(libc_a-strtol.o)
 .text._strtol_r
                0x080115b8        0x4 C:/ST/STM32CubeIDE_1.16.1/STM32CubeIDE/plugins/com.st.stm32cube.ide.mcu.externaltools.gnu-tools-for-stm32.12.3.rel1.win32_1.1.0.202410251130/tools/bin/../lib/gcc/arm-none-eabi/12.3.1/../../../../arm-none-eabi/lib/thumb/v7e-m+fp/hard\libc_nano.a(libc_a-strtol.o)
                0x080115b8                _strtol_r
 .text.__ssputs_r
                0x080115bc       0xb6 C:/ST/STM32CubeIDE_1.16.1/STM32CubeIDE/plugins/com.st.stm32cube.ide.mcu.externaltools.gnu-tools-for-stm32.12.3.rel1.win32_1.1.0.202410251130/tools/bin/../lib/gcc/arm-none-eabi/12.3.1/../../../../arm-none-eabi/lib/thumb/v7e-m+fp/hard\libc_nano.a(libc_a-nano-svfprintf.o)
                0x080115bc                __ssputs_r
 *fill*         0x08011672        0x2 
 .text._svfprintf_r
                0x08011674      0x1f8 C:/ST/STM32CubeIDE_1.16.1/STM32CubeIDE/plugins/com.st.stm32cube.ide.mcu.externaltools.gnu-tools-for-stm32.12.3.rel1.win32_1.1.0.202410251130/tools/bin/../lib/gcc/arm-none-eabi/12.3.1/../../../../arm-none-eabi/lib/thumb/v7e-m+fp/hard\libc_nano.a(libc_a-nano-svfprintf.o)
                0x08011674                _svfiprintf_r
                0x08011674                _svfprintf_r
 .text.__sflush_r
                0x0801186c      0x108 C:/ST/STM32CubeIDE_1.16.1/STM32CubeIDE/plugins/com.st.stm32cube.ide.mcu.externaltools.gnu-tools-for-stm32.12.3.rel1.win32_1.1.0.202410251130/tools/bin/../lib/gcc/arm-none-eabi/12.3.1/../../../../arm-none-eabi/lib/thumb/v7e-m+fp/hard\libc_nano.a(libc_a-fflush.o)
                0x0801186c                __sflush_r
 .text._fflush_r
                0x08011974       0x50 C:/ST/STM32CubeIDE_1.16.1/STM32CubeIDE/plugins/com.st.stm32cube.ide.mcu.externaltools.gnu-tools-for-stm32.12.3.rel1.win32_1.1.0.202410251130/tools/bin/../lib/gcc/arm-none-eabi/12.3.1/../../../../arm-none-eabi/lib/thumb/v7e-m+fp/hard\libc_nano.a(libc_a-fflush.o)
                0x08011974                _fflush_r
 .text.memmove  0x080119c4       0x34 C:/ST/STM32CubeIDE_1.16.1/STM32CubeIDE/plugins/com.st.stm32cube.ide.mcu.externaltools.gnu-tools-for-stm32.12.3.rel1.win32_1.1.0.202410251130/tools/bin/../lib/gcc/arm-none-eabi/12.3.1/../../../../arm-none-eabi/lib/thumb/v7e-m+fp/hard\libc_nano.a(libc_a-memmove.o)
                0x080119c4                memmove
 .text.strncmp  0x080119f8       0x24 C:/ST/STM32CubeIDE_1.16.1/STM32CubeIDE/plugins/com.st.stm32cube.ide.mcu.externaltools.gnu-tools-for-stm32.12.3.rel1.win32_1.1.0.202410251130/tools/bin/../lib/gcc/arm-none-eabi/12.3.1/../../../../arm-none-eabi/lib/thumb/v7e-m+fp/hard\libc_nano.a(libc_a-strncmp.o)
                0x080119f8                strncmp
 .text._sbrk_r  0x08011a1c       0x20 C:/ST/STM32CubeIDE_1.16.1/STM32CubeIDE/plugins/com.st.stm32cube.ide.mcu.externaltools.gnu-tools-for-stm32.12.3.rel1.win32_1.1.0.202410251130/tools/bin/../lib/gcc/arm-none-eabi/12.3.1/../../../../arm-none-eabi/lib/thumb/v7e-m+fp/hard\libc_nano.a(libc_a-sbrkr.o)
                0x08011a1c                _sbrk_r
 *fill*         0x08011a3c        0x4 
 .text.nan      0x08011a40       0x10 C:/ST/STM32CubeIDE_1.16.1/STM32CubeIDE/plugins/com.st.stm32cube.ide.mcu.externaltools.gnu-tools-for-stm32.12.3.rel1.win32_1.1.0.202410251130/tools/bin/../lib/gcc/arm-none-eabi/12.3.1/../../../../arm-none-eabi/lib/thumb/v7e-m+fp/hard\libc_nano.a(libm_a-s_nan.o)
                0x08011a40                nan
 .text.__assert_func
                0x08011a50       0x3c C:/ST/STM32CubeIDE_1.16.1/STM32CubeIDE/plugins/com.st.stm32cube.ide.mcu.externaltools.gnu-tools-for-stm32.12.3.rel1.win32_1.1.0.202410251130/tools/bin/../lib/gcc/arm-none-eabi/12.3.1/../../../../arm-none-eabi/lib/thumb/v7e-m+fp/hard\libc_nano.a(libc_a-assert.o)
                0x08011a50                __assert_func
 .text._calloc_r
                0x08011a8c       0x28 C:/ST/STM32CubeIDE_1.16.1/STM32CubeIDE/plugins/com.st.stm32cube.ide.mcu.externaltools.gnu-tools-for-stm32.12.3.rel1.win32_1.1.0.202410251130/tools/bin/../lib/gcc/arm-none-eabi/12.3.1/../../../../arm-none-eabi/lib/thumb/v7e-m+fp/hard\libc_nano.a(libc_a-callocr.o)
                0x08011a8c                _calloc_r
 .text.rshift   0x08011ab4       0xa4 C:/ST/STM32CubeIDE_1.16.1/STM32CubeIDE/plugins/com.st.stm32cube.ide.mcu.externaltools.gnu-tools-for-stm32.12.3.rel1.win32_1.1.0.202410251130/tools/bin/../lib/gcc/arm-none-eabi/12.3.1/../../../../arm-none-eabi/lib/thumb/v7e-m+fp/hard\libc_nano.a(libc_a-gdtoa-gethex.o)
 .text.__hexdig_fun
                0x08011b58       0x2a C:/ST/STM32CubeIDE_1.16.1/STM32CubeIDE/plugins/com.st.stm32cube.ide.mcu.externaltools.gnu-tools-for-stm32.12.3.rel1.win32_1.1.0.202410251130/tools/bin/../lib/gcc/arm-none-eabi/12.3.1/../../../../arm-none-eabi/lib/thumb/v7e-m+fp/hard\libc_nano.a(libc_a-gdtoa-gethex.o)
                0x08011b58                __hexdig_fun
 *fill*         0x08011b82        0x2 
 .text.__gethex
                0x08011b84      0x420 C:/ST/STM32CubeIDE_1.16.1/STM32CubeIDE/plugins/com.st.stm32cube.ide.mcu.externaltools.gnu-tools-for-stm32.12.3.rel1.win32_1.1.0.202410251130/tools/bin/../lib/gcc/arm-none-eabi/12.3.1/../../../../arm-none-eabi/lib/thumb/v7e-m+fp/hard\libc_nano.a(libc_a-gdtoa-gethex.o)
                0x08011b84                __gethex
 .text.L_shift  0x08011fa4       0x24 C:/ST/STM32CubeIDE_1.16.1/STM32CubeIDE/plugins/com.st.stm32cube.ide.mcu.externaltools.gnu-tools-for-stm32.12.3.rel1.win32_1.1.0.202410251130/tools/bin/../lib/gcc/arm-none-eabi/12.3.1/../../../../arm-none-eabi/lib/thumb/v7e-m+fp/hard\libc_nano.a(libc_a-gdtoa-hexnan.o)
 .text.__match  0x08011fc8       0x28 C:/ST/STM32CubeIDE_1.16.1/STM32CubeIDE/plugins/com.st.stm32cube.ide.mcu.externaltools.gnu-tools-for-stm32.12.3.rel1.win32_1.1.0.202410251130/tools/bin/../lib/gcc/arm-none-eabi/12.3.1/../../../../arm-none-eabi/lib/thumb/v7e-m+fp/hard\libc_nano.a(libc_a-gdtoa-hexnan.o)
                0x08011fc8                __match
 .text.__hexnan
                0x08011ff0      0x136 C:/ST/STM32CubeIDE_1.16.1/STM32CubeIDE/plugins/com.st.stm32cube.ide.mcu.externaltools.gnu-tools-for-stm32.12.3.rel1.win32_1.1.0.202410251130/tools/bin/../lib/gcc/arm-none-eabi/12.3.1/../../../../arm-none-eabi/lib/thumb/v7e-m+fp/hard\libc_nano.a(libc_a-gdtoa-hexnan.o)
                0x08011ff0                __hexnan
 .text.__ascii_mbtowc
                0x08012126       0x24 C:/ST/STM32CubeIDE_1.16.1/STM32CubeIDE/plugins/com.st.stm32cube.ide.mcu.externaltools.gnu-tools-for-stm32.12.3.rel1.win32_1.1.0.202410251130/tools/bin/../lib/gcc/arm-none-eabi/12.3.1/../../../../arm-none-eabi/lib/thumb/v7e-m+fp/hard\libc_nano.a(libc_a-mbtowc_r.o)
                0x08012126                __ascii_mbtowc
 .text._realloc_r
                0x0801214a       0x5c C:/ST/STM32CubeIDE_1.16.1/STM32CubeIDE/plugins/com.st.stm32cube.ide.mcu.externaltools.gnu-tools-for-stm32.12.3.rel1.win32_1.1.0.202410251130/tools/bin/../lib/gcc/arm-none-eabi/12.3.1/../../../../arm-none-eabi/lib/thumb/v7e-m+fp/hard\libc_nano.a(libc_a-reallocr.o)
                0x0801214a                _realloc_r
 .text.__ascii_wctomb
                0x080121a6       0x1a C:/ST/STM32CubeIDE_1.16.1/STM32CubeIDE/plugins/com.st.stm32cube.ide.mcu.externaltools.gnu-tools-for-stm32.12.3.rel1.win32_1.1.0.202410251130/tools/bin/../lib/gcc/arm-none-eabi/12.3.1/../../../../arm-none-eabi/lib/thumb/v7e-m+fp/hard\libc_nano.a(libc_a-wctomb_r.o)
                0x080121a6                __ascii_wctomb
 .text.fprintf  0x080121c0       0x24 C:/ST/STM32CubeIDE_1.16.1/STM32CubeIDE/plugins/com.st.stm32cube.ide.mcu.externaltools.gnu-tools-for-stm32.12.3.rel1.win32_1.1.0.202410251130/tools/bin/../lib/gcc/arm-none-eabi/12.3.1/../../../../arm-none-eabi/lib/thumb/v7e-m+fp/hard\libc_nano.a(libc_a-fprintf.o)
                0x080121c0                fiprintf
                0x080121c0                fprintf
 .text.abort    0x080121e4        0xe C:/ST/STM32CubeIDE_1.16.1/STM32CubeIDE/plugins/com.st.stm32cube.ide.mcu.externaltools.gnu-tools-for-stm32.12.3.rel1.win32_1.1.0.202410251130/tools/bin/../lib/gcc/arm-none-eabi/12.3.1/../../../../arm-none-eabi/lib/thumb/v7e-m+fp/hard\libc_nano.a(libc_a-abort.o)
                0x080121e4                abort
 .text._malloc_usable_size_r
                0x080121f2       0x10 C:/ST/STM32CubeIDE_1.16.1/STM32CubeIDE/plugins/com.st.stm32cube.ide.mcu.externaltools.gnu-tools-for-stm32.12.3.rel1.win32_1.1.0.202410251130/tools/bin/../lib/gcc/arm-none-eabi/12.3.1/../../../../arm-none-eabi/lib/thumb/v7e-m+fp/hard\libc_nano.a(libc_a-msizer.o)
                0x080121f2                _malloc_usable_size_r
 .text.__sfputc_r
                0x08012202       0x2e C:/ST/STM32CubeIDE_1.16.1/STM32CubeIDE/plugins/com.st.stm32cube.ide.mcu.externaltools.gnu-tools-for-stm32.12.3.rel1.win32_1.1.0.202410251130/tools/bin/../lib/gcc/arm-none-eabi/12.3.1/../../../../arm-none-eabi/lib/thumb/v7e-m+fp/hard\libc_nano.a(libc_a-nano-vfprintf.o)
 .text.__sfputs_r
                0x08012230       0x24 C:/ST/STM32CubeIDE_1.16.1/STM32CubeIDE/plugins/com.st.stm32cube.ide.mcu.externaltools.gnu-tools-for-stm32.12.3.rel1.win32_1.1.0.202410251130/tools/bin/../lib/gcc/arm-none-eabi/12.3.1/../../../../arm-none-eabi/lib/thumb/v7e-m+fp/hard\libc_nano.a(libc_a-nano-vfprintf.o)
                0x08012230                __sfputs_r
 .text._vfprintf_r